<?xml version="1.0" encoding="ISO-8859-1" ?>
<link_info>
   <banner>TI ARM Linker Unix v20.2.4.LTS</banner>
   <copyright>Copyright (c) 1996-2018 Texas Instruments Incorporated</copyright>
   <link_time>0x6381a75e</link_time>
   <link_errors>0x1</link_errors>
   <output_file>fianl_test.out</output_file>
   <entry_point>
      <name>_c_int00_noargs</name>
      <address>0x4cb9</address>
   </entry_point>
   <input_file_list>
      <input_file id="fl-1">
         <path>./</path>
         <kind>object</kind>
         <file>accel.obj</file>
         <name>accel.obj</name>
      </input_file>
      <input_file id="fl-2">
         <path>./</path>
         <kind>object</kind>
         <file>startup_msp432p401r_ccs.obj</file>
         <name>startup_msp432p401r_ccs.obj</name>
      </input_file>
      <input_file id="fl-3">
         <path>./</path>
         <kind>object</kind>
         <file>system_msp432p401r.obj</file>
         <name>system_msp432p401r.obj</name>
      </input_file>
      <input_file id="fl-8">
         <kind>object</kind>
         <file>&lt;internal&gt;</file>
         <name>&lt;internal&gt;</name>
      </input_file>
      <input_file id="fl-9">
         <path>/Users/munigalparamasiam/Downloads/msp432_driverlib_3_21_00_05/driverlib/MSP432P4xx/ccs/</path>
         <kind>archive</kind>
         <file>msp432p4xx_driverlib.lib</file>
         <name>cs.o</name>
      </input_file>
      <input_file id="fl-a">
         <path>/Users/munigalparamasiam/Downloads/msp432_driverlib_3_21_00_05/driverlib/MSP432P4xx/ccs/</path>
         <kind>archive</kind>
         <file>msp432p4xx_driverlib.lib</file>
         <name>gpio.o</name>
      </input_file>
      <input_file id="fl-b">
         <path>/Users/munigalparamasiam/Downloads/msp432_driverlib_3_21_00_05/driverlib/MSP432P4xx/ccs/</path>
         <kind>archive</kind>
         <file>msp432p4xx_driverlib.lib</file>
         <name>i2c.o</name>
      </input_file>
      <input_file id="fl-c">
         <path>/Users/munigalparamasiam/Downloads/msp432_driverlib_3_21_00_05/driverlib/MSP432P4xx/ccs/</path>
         <kind>archive</kind>
         <file>msp432p4xx_driverlib.lib</file>
         <name>interrupt.o</name>
      </input_file>
      <input_file id="fl-d">
         <path>/Users/munigalparamasiam/Downloads/msp432_driverlib_3_21_00_05/driverlib/MSP432P4xx/ccs/</path>
         <kind>archive</kind>
         <file>msp432p4xx_driverlib.lib</file>
         <name>sysctl.o</name>
      </input_file>
      <input_file id="fl-e">
         <path>/Users/munigalparamasiam/Downloads/msp432_driverlib_3_21_00_05/driverlib/MSP432P4xx/ccs/</path>
         <kind>archive</kind>
         <file>msp432p4xx_driverlib.lib</file>
         <name>timer_a.o</name>
      </input_file>
      <input_file id="fl-f">
         <path>/Users/munigalparamasiam/Downloads/msp432_driverlib_3_21_00_05/driverlib/MSP432P4xx/ccs/</path>
         <kind>archive</kind>
         <file>msp432p4xx_driverlib.lib</file>
         <name>wdt_a.o</name>
      </input_file>
      <input_file id="fl-10">
         <path>/Users/munigalparamasiam/Downloads/msp432_driverlib_3_21_00_05/driverlib/MSP432P4xx/ccs/</path>
         <kind>archive</kind>
         <file>msp432p4xx_driverlib.lib</file>
         <name>cpu.o</name>
      </input_file>
      <input_file id="fl-c6">
         <path>/Applications/ti/ccs1030/ccs/tools/compiler/ti-cgt-arm_20.2.4.LTS/lib/</path>
         <kind>archive</kind>
         <file>rtsv7M4_T_le_v4SPD16_eabi.lib</file>
         <name>printf.c.obj</name>
      </input_file>
      <input_file id="fl-c7">
         <path>/Applications/ti/ccs1030/ccs/tools/compiler/ti-cgt-arm_20.2.4.LTS/lib/</path>
         <kind>archive</kind>
         <file>rtsv7M4_T_le_v4SPD16_eabi.lib</file>
         <name>_printfi.c.obj</name>
      </input_file>
      <input_file id="fl-c8">
         <path>/Applications/ti/ccs1030/ccs/tools/compiler/ti-cgt-arm_20.2.4.LTS/lib/</path>
         <kind>archive</kind>
         <file>rtsv7M4_T_le_v4SPD16_eabi.lib</file>
         <name>fputc.c.obj</name>
      </input_file>
      <input_file id="fl-c9">
         <path>/Applications/ti/ccs1030/ccs/tools/compiler/ti-cgt-arm_20.2.4.LTS/lib/</path>
         <kind>archive</kind>
         <file>rtsv7M4_T_le_v4SPD16_eabi.lib</file>
         <name>fputs.c.obj</name>
      </input_file>
      <input_file id="fl-ca">
         <path>/Applications/ti/ccs1030/ccs/tools/compiler/ti-cgt-arm_20.2.4.LTS/lib/</path>
         <kind>archive</kind>
         <file>rtsv7M4_T_le_v4SPD16_eabi.lib</file>
         <name>_io_perm.c.obj</name>
      </input_file>
      <input_file id="fl-cb">
         <path>/Applications/ti/ccs1030/ccs/tools/compiler/ti-cgt-arm_20.2.4.LTS/lib/</path>
         <kind>archive</kind>
         <file>rtsv7M4_T_le_v4SPD16_eabi.lib</file>
         <name>setvbuf.c.obj</name>
      </input_file>
      <input_file id="fl-cc">
         <path>/Applications/ti/ccs1030/ccs/tools/compiler/ti-cgt-arm_20.2.4.LTS/lib/</path>
         <kind>archive</kind>
         <file>rtsv7M4_T_le_v4SPD16_eabi.lib</file>
         <name>e_pow.c.obj</name>
      </input_file>
      <input_file id="fl-cd">
         <path>/Applications/ti/ccs1030/ccs/tools/compiler/ti-cgt-arm_20.2.4.LTS/lib/</path>
         <kind>archive</kind>
         <file>rtsv7M4_T_le_v4SPD16_eabi.lib</file>
         <name>e_sqrt.c.obj</name>
      </input_file>
      <input_file id="fl-ce">
         <path>/Applications/ti/ccs1030/ccs/tools/compiler/ti-cgt-arm_20.2.4.LTS/lib/</path>
         <kind>archive</kind>
         <file>rtsv7M4_T_le_v4SPD16_eabi.lib</file>
         <name>s_atan.c.obj</name>
      </input_file>
      <input_file id="fl-cf">
         <path>/Applications/ti/ccs1030/ccs/tools/compiler/ti-cgt-arm_20.2.4.LTS/lib/</path>
         <kind>archive</kind>
         <file>rtsv7M4_T_le_v4SPD16_eabi.lib</file>
         <name>s_frexp.c.obj</name>
      </input_file>
      <input_file id="fl-d0">
         <path>/Applications/ti/ccs1030/ccs/tools/compiler/ti-cgt-arm_20.2.4.LTS/lib/</path>
         <kind>archive</kind>
         <file>rtsv7M4_T_le_v4SPD16_eabi.lib</file>
         <name>s_scalbn.c.obj</name>
      </input_file>
      <input_file id="fl-d1">
         <path>/Applications/ti/ccs1030/ccs/tools/compiler/ti-cgt-arm_20.2.4.LTS/lib/</path>
         <kind>archive</kind>
         <file>rtsv7M4_T_le_v4SPD16_eabi.lib</file>
         <name>s_copysign.c.obj</name>
      </input_file>
      <input_file id="fl-d2">
         <path>/Applications/ti/ccs1030/ccs/tools/compiler/ti-cgt-arm_20.2.4.LTS/lib/</path>
         <kind>archive</kind>
         <file>rtsv7M4_T_le_v4SPD16_eabi.lib</file>
         <name>ull_div_t2.asm.obj</name>
      </input_file>
      <input_file id="fl-d3">
         <path>/Applications/ti/ccs1030/ccs/tools/compiler/ti-cgt-arm_20.2.4.LTS/lib/</path>
         <kind>archive</kind>
         <file>rtsv7M4_T_le_v4SPD16_eabi.lib</file>
         <name>memset_t2.asm.obj</name>
      </input_file>
      <input_file id="fl-d4">
         <path>/Applications/ti/ccs1030/ccs/tools/compiler/ti-cgt-arm_20.2.4.LTS/lib/</path>
         <kind>archive</kind>
         <file>rtsv7M4_T_le_v4SPD16_eabi.lib</file>
         <name>fd_add_t2.asm.obj</name>
      </input_file>
      <input_file id="fl-d5">
         <path>/Applications/ti/ccs1030/ccs/tools/compiler/ti-cgt-arm_20.2.4.LTS/lib/</path>
         <kind>archive</kind>
         <file>rtsv7M4_T_le_v4SPD16_eabi.lib</file>
         <name>fd_cmp_t2.asm.obj</name>
      </input_file>
      <input_file id="fl-d6">
         <path>/Applications/ti/ccs1030/ccs/tools/compiler/ti-cgt-arm_20.2.4.LTS/lib/</path>
         <kind>archive</kind>
         <file>rtsv7M4_T_le_v4SPD16_eabi.lib</file>
         <name>fd_div_t2.asm.obj</name>
      </input_file>
      <input_file id="fl-d7">
         <path>/Applications/ti/ccs1030/ccs/tools/compiler/ti-cgt-arm_20.2.4.LTS/lib/</path>
         <kind>archive</kind>
         <file>rtsv7M4_T_le_v4SPD16_eabi.lib</file>
         <name>fd_mul_t2.asm.obj</name>
      </input_file>
      <input_file id="fl-d8">
         <path>/Applications/ti/ccs1030/ccs/tools/compiler/ti-cgt-arm_20.2.4.LTS/lib/</path>
         <kind>archive</kind>
         <file>rtsv7M4_T_le_v4SPD16_eabi.lib</file>
         <name>fd_toi_t2.asm.obj</name>
      </input_file>
      <input_file id="fl-d9">
         <path>/Applications/ti/ccs1030/ccs/tools/compiler/ti-cgt-arm_20.2.4.LTS/lib/</path>
         <kind>archive</kind>
         <file>rtsv7M4_T_le_v4SPD16_eabi.lib</file>
         <name>fd_tos_t2.asm.obj</name>
      </input_file>
      <input_file id="fl-da">
         <path>/Applications/ti/ccs1030/ccs/tools/compiler/ti-cgt-arm_20.2.4.LTS/lib/</path>
         <kind>archive</kind>
         <file>rtsv7M4_T_le_v4SPD16_eabi.lib</file>
         <name>fs_tod_t2.asm.obj</name>
      </input_file>
      <input_file id="fl-db">
         <path>/Applications/ti/ccs1030/ccs/tools/compiler/ti-cgt-arm_20.2.4.LTS/lib/</path>
         <kind>archive</kind>
         <file>rtsv7M4_T_le_v4SPD16_eabi.lib</file>
         <name>i_tofd_t2.asm.obj</name>
      </input_file>
      <input_file id="fl-dc">
         <path>/Applications/ti/ccs1030/ccs/tools/compiler/ti-cgt-arm_20.2.4.LTS/lib/</path>
         <kind>archive</kind>
         <file>rtsv7M4_T_le_v4SPD16_eabi.lib</file>
         <name>memcpy_t2.asm.obj</name>
      </input_file>
      <input_file id="fl-dd">
         <path>/Applications/ti/ccs1030/ccs/tools/compiler/ti-cgt-arm_20.2.4.LTS/lib/</path>
         <kind>archive</kind>
         <file>rtsv7M4_T_le_v4SPD16_eabi.lib</file>
         <name>u_tofd_t2.asm.obj</name>
      </input_file>
      <input_file id="fl-de">
         <path>/Applications/ti/ccs1030/ccs/tools/compiler/ti-cgt-arm_20.2.4.LTS/lib/</path>
         <kind>archive</kind>
         <file>rtsv7M4_T_le_v4SPD16_eabi.lib</file>
         <name>copy_zero_init.c.obj</name>
      </input_file>
      <input_file id="fl-df">
         <path>/Applications/ti/ccs1030/ccs/tools/compiler/ti-cgt-arm_20.2.4.LTS/lib/</path>
         <kind>archive</kind>
         <file>rtsv7M4_T_le_v4SPD16_eabi.lib</file>
         <name>copy_decompress_none.c.obj</name>
      </input_file>
      <input_file id="fl-e0">
         <path>/Applications/ti/ccs1030/ccs/tools/compiler/ti-cgt-arm_20.2.4.LTS/lib/</path>
         <kind>archive</kind>
         <file>rtsv7M4_T_le_v4SPD16_eabi.lib</file>
         <name>copy_decompress_lzss.c.obj</name>
      </input_file>
      <input_file id="fl-e1">
         <path>/Applications/ti/ccs1030/ccs/tools/compiler/ti-cgt-arm_20.2.4.LTS/lib/</path>
         <kind>archive</kind>
         <file>rtsv7M4_T_le_v4SPD16_eabi.lib</file>
         <name>exit.c.obj</name>
      </input_file>
      <input_file id="fl-e2">
         <path>/Applications/ti/ccs1030/ccs/tools/compiler/ti-cgt-arm_20.2.4.LTS/lib/</path>
         <kind>archive</kind>
         <file>rtsv7M4_T_le_v4SPD16_eabi.lib</file>
         <name>_lock.c.obj</name>
      </input_file>
      <input_file id="fl-e3">
         <path>/Applications/ti/ccs1030/ccs/tools/compiler/ti-cgt-arm_20.2.4.LTS/lib/</path>
         <kind>archive</kind>
         <file>rtsv7M4_T_le_v4SPD16_eabi.lib</file>
         <name>_ltoa.c.obj</name>
      </input_file>
      <input_file id="fl-e4">
         <path>/Applications/ti/ccs1030/ccs/tools/compiler/ti-cgt-arm_20.2.4.LTS/lib/</path>
         <kind>archive</kind>
         <file>rtsv7M4_T_le_v4SPD16_eabi.lib</file>
         <name>atoi.c.obj</name>
      </input_file>
      <input_file id="fl-e5">
         <path>/Applications/ti/ccs1030/ccs/tools/compiler/ti-cgt-arm_20.2.4.LTS/lib/</path>
         <kind>archive</kind>
         <file>rtsv7M4_T_le_v4SPD16_eabi.lib</file>
         <name>ctype.c.obj</name>
      </input_file>
      <input_file id="fl-e6">
         <path>/Applications/ti/ccs1030/ccs/tools/compiler/ti-cgt-arm_20.2.4.LTS/lib/</path>
         <kind>archive</kind>
         <file>rtsv7M4_T_le_v4SPD16_eabi.lib</file>
         <name>defs.c.obj</name>
      </input_file>
      <input_file id="fl-e7">
         <path>/Applications/ti/ccs1030/ccs/tools/compiler/ti-cgt-arm_20.2.4.LTS/lib/</path>
         <kind>archive</kind>
         <file>rtsv7M4_T_le_v4SPD16_eabi.lib</file>
         <name>memccpy.c.obj</name>
      </input_file>
      <input_file id="fl-e8">
         <path>/Applications/ti/ccs1030/ccs/tools/compiler/ti-cgt-arm_20.2.4.LTS/lib/</path>
         <kind>archive</kind>
         <file>rtsv7M4_T_le_v4SPD16_eabi.lib</file>
         <name>memchr.c.obj</name>
      </input_file>
      <input_file id="fl-e9">
         <path>/Applications/ti/ccs1030/ccs/tools/compiler/ti-cgt-arm_20.2.4.LTS/lib/</path>
         <kind>archive</kind>
         <file>rtsv7M4_T_le_v4SPD16_eabi.lib</file>
         <name>memory.c.obj</name>
      </input_file>
      <input_file id="fl-ea">
         <path>/Applications/ti/ccs1030/ccs/tools/compiler/ti-cgt-arm_20.2.4.LTS/lib/</path>
         <kind>archive</kind>
         <file>rtsv7M4_T_le_v4SPD16_eabi.lib</file>
         <name>strchr.c.obj</name>
      </input_file>
      <input_file id="fl-eb">
         <path>/Applications/ti/ccs1030/ccs/tools/compiler/ti-cgt-arm_20.2.4.LTS/lib/</path>
         <kind>archive</kind>
         <file>rtsv7M4_T_le_v4SPD16_eabi.lib</file>
         <name>strlen.c.obj</name>
      </input_file>
      <input_file id="fl-ec">
         <path>/Applications/ti/ccs1030/ccs/tools/compiler/ti-cgt-arm_20.2.4.LTS/lib/</path>
         <kind>archive</kind>
         <file>rtsv7M4_T_le_v4SPD16_eabi.lib</file>
         <name>errno.c.obj</name>
      </input_file>
      <input_file id="fl-ed">
         <path>/Applications/ti/ccs1030/ccs/tools/compiler/ti-cgt-arm_20.2.4.LTS/lib/</path>
         <kind>archive</kind>
         <file>rtsv7M4_T_le_v4SPD16_eabi.lib</file>
         <name>boot_cortex_m.c.obj</name>
      </input_file>
      <input_file id="fl-ee">
         <path>/Applications/ti/ccs1030/ccs/tools/compiler/ti-cgt-arm_20.2.4.LTS/lib/</path>
         <kind>archive</kind>
         <file>rtsv7M4_T_le_v4SPD16_eabi.lib</file>
         <name>write.c.obj</name>
      </input_file>
      <input_file id="fl-ef">
         <path>/Applications/ti/ccs1030/ccs/tools/compiler/ti-cgt-arm_20.2.4.LTS/lib/</path>
         <kind>archive</kind>
         <file>rtsv7M4_T_le_v4SPD16_eabi.lib</file>
         <name>host_device.c.obj</name>
      </input_file>
      <input_file id="fl-f0">
         <path>/Applications/ti/ccs1030/ccs/tools/compiler/ti-cgt-arm_20.2.4.LTS/lib/</path>
         <kind>archive</kind>
         <file>rtsv7M4_T_le_v4SPD16_eabi.lib</file>
         <name>wcslen.c.obj</name>
      </input_file>
      <input_file id="fl-f1">
         <path>/Applications/ti/ccs1030/ccs/tools/compiler/ti-cgt-arm_20.2.4.LTS/lib/</path>
         <kind>archive</kind>
         <file>rtsv7M4_T_le_v4SPD16_eabi.lib</file>
         <name>fflush.c.obj</name>
      </input_file>
      <input_file id="fl-f2">
         <path>/Applications/ti/ccs1030/ccs/tools/compiler/ti-cgt-arm_20.2.4.LTS/lib/</path>
         <kind>archive</kind>
         <file>rtsv7M4_T_le_v4SPD16_eabi.lib</file>
         <name>fopen.c.obj</name>
      </input_file>
      <input_file id="fl-f3">
         <path>/Applications/ti/ccs1030/ccs/tools/compiler/ti-cgt-arm_20.2.4.LTS/lib/</path>
         <kind>archive</kind>
         <file>rtsv7M4_T_le_v4SPD16_eabi.lib</file>
         <name>fseek.c.obj</name>
      </input_file>
      <input_file id="fl-f4">
         <path>/Applications/ti/ccs1030/ccs/tools/compiler/ti-cgt-arm_20.2.4.LTS/lib/</path>
         <kind>archive</kind>
         <file>rtsv7M4_T_le_v4SPD16_eabi.lib</file>
         <name>div0.asm.obj</name>
      </input_file>
      <input_file id="fl-f5">
         <path>/Applications/ti/ccs1030/ccs/tools/compiler/ti-cgt-arm_20.2.4.LTS/lib/</path>
         <kind>archive</kind>
         <file>rtsv7M4_T_le_v4SPD16_eabi.lib</file>
         <name>autoinit.c.obj</name>
      </input_file>
      <input_file id="fl-f6">
         <path>/Applications/ti/ccs1030/ccs/tools/compiler/ti-cgt-arm_20.2.4.LTS/lib/</path>
         <kind>archive</kind>
         <file>rtsv7M4_T_le_v4SPD16_eabi.lib</file>
         <name>pre_init.c.obj</name>
      </input_file>
      <input_file id="fl-f7">
         <path>/Applications/ti/ccs1030/ccs/tools/compiler/ti-cgt-arm_20.2.4.LTS/lib/</path>
         <kind>archive</kind>
         <file>rtsv7M4_T_le_v4SPD16_eabi.lib</file>
         <name>cpy_tbl.c.obj</name>
      </input_file>
      <input_file id="fl-f8">
         <path>/Applications/ti/ccs1030/ccs/tools/compiler/ti-cgt-arm_20.2.4.LTS/lib/</path>
         <kind>archive</kind>
         <file>rtsv7M4_T_le_v4SPD16_eabi.lib</file>
         <name>args_main.c.obj</name>
      </input_file>
      <input_file id="fl-f9">
         <path>/Applications/ti/ccs1030/ccs/tools/compiler/ti-cgt-arm_20.2.4.LTS/lib/</path>
         <kind>archive</kind>
         <file>rtsv7M4_T_le_v4SPD16_eabi.lib</file>
         <name>hostclose.c.obj</name>
      </input_file>
      <input_file id="fl-fa">
         <path>/Applications/ti/ccs1030/ccs/tools/compiler/ti-cgt-arm_20.2.4.LTS/lib/</path>
         <kind>archive</kind>
         <file>rtsv7M4_T_le_v4SPD16_eabi.lib</file>
         <name>hostlseek.c.obj</name>
      </input_file>
      <input_file id="fl-fb">
         <path>/Applications/ti/ccs1030/ccs/tools/compiler/ti-cgt-arm_20.2.4.LTS/lib/</path>
         <kind>archive</kind>
         <file>rtsv7M4_T_le_v4SPD16_eabi.lib</file>
         <name>hostopen.c.obj</name>
      </input_file>
      <input_file id="fl-fc">
         <path>/Applications/ti/ccs1030/ccs/tools/compiler/ti-cgt-arm_20.2.4.LTS/lib/</path>
         <kind>archive</kind>
         <file>rtsv7M4_T_le_v4SPD16_eabi.lib</file>
         <name>hostread.c.obj</name>
      </input_file>
      <input_file id="fl-fd">
         <path>/Applications/ti/ccs1030/ccs/tools/compiler/ti-cgt-arm_20.2.4.LTS/lib/</path>
         <kind>archive</kind>
         <file>rtsv7M4_T_le_v4SPD16_eabi.lib</file>
         <name>hostrename.c.obj</name>
      </input_file>
      <input_file id="fl-fe">
         <path>/Applications/ti/ccs1030/ccs/tools/compiler/ti-cgt-arm_20.2.4.LTS/lib/</path>
         <kind>archive</kind>
         <file>rtsv7M4_T_le_v4SPD16_eabi.lib</file>
         <name>hostunlink.c.obj</name>
      </input_file>
      <input_file id="fl-ff">
         <path>/Applications/ti/ccs1030/ccs/tools/compiler/ti-cgt-arm_20.2.4.LTS/lib/</path>
         <kind>archive</kind>
         <file>rtsv7M4_T_le_v4SPD16_eabi.lib</file>
         <name>hostwrite.c.obj</name>
      </input_file>
      <input_file id="fl-100">
         <path>/Applications/ti/ccs1030/ccs/tools/compiler/ti-cgt-arm_20.2.4.LTS/lib/</path>
         <kind>archive</kind>
         <file>rtsv7M4_T_le_v4SPD16_eabi.lib</file>
         <name>trgmsg.c.obj</name>
      </input_file>
      <input_file id="fl-101">
         <path>/Applications/ti/ccs1030/ccs/tools/compiler/ti-cgt-arm_20.2.4.LTS/lib/</path>
         <kind>archive</kind>
         <file>rtsv7M4_T_le_v4SPD16_eabi.lib</file>
         <name>open.c.obj</name>
      </input_file>
      <input_file id="fl-102">
         <path>/Applications/ti/ccs1030/ccs/tools/compiler/ti-cgt-arm_20.2.4.LTS/lib/</path>
         <kind>archive</kind>
         <file>rtsv7M4_T_le_v4SPD16_eabi.lib</file>
         <name>lseek.c.obj</name>
      </input_file>
      <input_file id="fl-103">
         <path>/Applications/ti/ccs1030/ccs/tools/compiler/ti-cgt-arm_20.2.4.LTS/lib/</path>
         <kind>archive</kind>
         <file>rtsv7M4_T_le_v4SPD16_eabi.lib</file>
         <name>fclose.c.obj</name>
      </input_file>
      <input_file id="fl-104">
         <path>/Applications/ti/ccs1030/ccs/tools/compiler/ti-cgt-arm_20.2.4.LTS/lib/</path>
         <kind>archive</kind>
         <file>rtsv7M4_T_le_v4SPD16_eabi.lib</file>
         <name>getdevice.c.obj</name>
      </input_file>
      <input_file id="fl-105">
         <path>/Applications/ti/ccs1030/ccs/tools/compiler/ti-cgt-arm_20.2.4.LTS/lib/</path>
         <kind>archive</kind>
         <file>rtsv7M4_T_le_v4SPD16_eabi.lib</file>
         <name>strcmp.c.obj</name>
      </input_file>
      <input_file id="fl-106">
         <path>/Applications/ti/ccs1030/ccs/tools/compiler/ti-cgt-arm_20.2.4.LTS/lib/</path>
         <kind>archive</kind>
         <file>rtsv7M4_T_le_v4SPD16_eabi.lib</file>
         <name>strcpy.c.obj</name>
      </input_file>
      <input_file id="fl-107">
         <path>/Applications/ti/ccs1030/ccs/tools/compiler/ti-cgt-arm_20.2.4.LTS/lib/</path>
         <kind>archive</kind>
         <file>rtsv7M4_T_le_v4SPD16_eabi.lib</file>
         <name>strncpy.c.obj</name>
      </input_file>
      <input_file id="fl-108">
         <path>/Applications/ti/ccs1030/ccs/tools/compiler/ti-cgt-arm_20.2.4.LTS/lib/</path>
         <kind>archive</kind>
         <file>rtsv7M4_T_le_v4SPD16_eabi.lib</file>
         <name>remove.c.obj</name>
      </input_file>
      <input_file id="fl-109">
         <path>/Applications/ti/ccs1030/ccs/tools/compiler/ti-cgt-arm_20.2.4.LTS/lib/</path>
         <kind>archive</kind>
         <file>rtsv7M4_T_le_v4SPD16_eabi.lib</file>
         <name>close.c.obj</name>
      </input_file>
      <input_file id="fl-10a">
         <path>/Applications/ti/ccs1030/ccs/tools/compiler/ti-cgt-arm_20.2.4.LTS/lib/</path>
         <kind>archive</kind>
         <file>rtsv7M4_T_le_v4SPD16_eabi.lib</file>
         <name>unlink.c.obj</name>
      </input_file>
   </input_file_list>
   <object_component_list>
      <object_component id="oc-22">
         <name>.intvecs:retain</name>
         <load_address>0x0</load_address>
         <run_address>0x0</run_address>
         <size>0x140</size>
         <input_file_ref idref="fl-2"/>
      </object_component>
      <object_component id="oc-96">
         <name>.text</name>
         <load_address>0x140</load_address>
         <run_address>0x140</run_address>
         <size>0xd30</size>
         <input_file_ref idref="fl-1"/>
      </object_component>
      <object_component id="oc-231">
         <name>.text:__TI_printfi</name>
         <load_address>0xe70</load_address>
         <run_address>0xe70</run_address>
         <size>0xa4e</size>
         <input_file_ref idref="fl-c7"/>
      </object_component>
      <object_component id="oc-348">
         <name>.text:_nop</name>
         <load_address>0x18be</load_address>
         <run_address>0x18be</run_address>
         <size>0x2</size>
         <input_file_ref idref="fl-e2"/>
      </object_component>
      <object_component id="oc-133">
         <name>.text:pow</name>
         <load_address>0x18c0</load_address>
         <run_address>0x18c0</run_address>
         <size>0x9c0</size>
         <input_file_ref idref="fl-cc"/>
      </object_component>
      <object_component id="oc-a8">
         <name>.text</name>
         <load_address>0x2280</load_address>
         <run_address>0x2280</run_address>
         <size>0x328</size>
         <input_file_ref idref="fl-3"/>
      </object_component>
      <object_component id="oc-13f">
         <name>.text:atan</name>
         <load_address>0x25a8</load_address>
         <run_address>0x25a8</run_address>
         <size>0x2ec</size>
         <input_file_ref idref="fl-ce"/>
      </object_component>
      <object_component id="oc-32a">
         <name>.text:_pconv_a</name>
         <load_address>0x2894</load_address>
         <run_address>0x2894</run_address>
         <size>0x270</size>
         <input_file_ref idref="fl-c7"/>
      </object_component>
      <object_component id="oc-318">
         <name>.text:_pconv_g</name>
         <load_address>0x2b04</load_address>
         <run_address>0x2b04</run_address>
         <size>0x1d0</size>
         <input_file_ref idref="fl-c7"/>
      </object_component>
      <object_component id="oc-124">
         <name>.text</name>
         <load_address>0x2cd4</load_address>
         <run_address>0x2cd4</run_address>
         <size>0x1b6</size>
         <input_file_ref idref="fl-d4"/>
      </object_component>
      <object_component id="oc-481">
         <name>.text</name>
         <load_address>0x2e8a</load_address>
         <run_address>0x2e8a</run_address>
         <size>0x2</size>
         <input_file_ref idref="fl-f4"/>
      </object_component>
      <object_component id="oc-139">
         <name>.text:sqrt</name>
         <load_address>0x2e8c</load_address>
         <run_address>0x2e8c</run_address>
         <size>0x158</size>
         <input_file_ref idref="fl-cd"/>
      </object_component>
      <object_component id="oc-324">
         <name>.text:_pconv_e</name>
         <load_address>0x2fe4</load_address>
         <run_address>0x2fe4</run_address>
         <size>0x13c</size>
         <input_file_ref idref="fl-c7"/>
      </object_component>
      <object_component id="oc-11f">
         <name>.text</name>
         <load_address>0x3120</load_address>
         <run_address>0x3120</run_address>
         <size>0x136</size>
         <input_file_ref idref="fl-d6"/>
      </object_component>
      <object_component id="oc-3f4">
         <name>.text:fcvt</name>
         <load_address>0x3258</load_address>
         <run_address>0x3258</run_address>
         <size>0x124</size>
         <input_file_ref idref="fl-c7"/>
      </object_component>
      <object_component id="oc-356">
         <name>.text:fputs</name>
         <load_address>0x337c</load_address>
         <run_address>0x337c</run_address>
         <size>0x114</size>
         <input_file_ref idref="fl-c9"/>
      </object_component>
      <object_component id="oc-268">
         <name>.text:scalbn</name>
         <load_address>0x3490</load_address>
         <run_address>0x3490</run_address>
         <size>0x110</size>
         <input_file_ref idref="fl-d0"/>
      </object_component>
      <object_component id="oc-3a0">
         <name>.text:CS_getDCOFrequency</name>
         <load_address>0x35a0</load_address>
         <run_address>0x35a0</run_address>
         <size>0x104</size>
         <input_file_ref idref="fl-9"/>
      </object_component>
      <object_component id="oc-513">
         <name>.text:aligned_alloc</name>
         <load_address>0x36a4</load_address>
         <run_address>0x36a4</run_address>
         <size>0x100</size>
         <input_file_ref idref="fl-e9"/>
      </object_component>
      <object_component id="oc-145">
         <name>.text</name>
         <load_address>0x37a4</load_address>
         <run_address>0x37a4</run_address>
         <size>0xfc</size>
         <input_file_ref idref="fl-d7"/>
      </object_component>
      <object_component id="oc-4cf">
         <name>.text:free</name>
         <load_address>0x38a0</load_address>
         <run_address>0x38a0</run_address>
         <size>0xe4</size>
         <input_file_ref idref="fl-e9"/>
      </object_component>
      <object_component id="oc-4a6">
         <name>.text:setvbuf</name>
         <load_address>0x3984</load_address>
         <run_address>0x3984</run_address>
         <size>0xdc</size>
         <input_file_ref idref="fl-cb"/>
      </object_component>
      <object_component id="oc-2b0">
         <name>.text:privateTimer_AProcessClockSourceDivider</name>
         <load_address>0x3a60</load_address>
         <run_address>0x3a60</run_address>
         <size>0xb2</size>
         <input_file_ref idref="fl-e"/>
      </object_component>
      <object_component id="oc-312">
         <name>.text:_ltostr</name>
         <load_address>0x3b14</load_address>
         <run_address>0x3b14</run_address>
         <size>0xb1</size>
         <input_file_ref idref="fl-c7"/>
      </object_component>
      <object_component id="oc-28b">
         <name>.text:_CSComputeCLKFrequency</name>
         <load_address>0x3bc8</load_address>
         <run_address>0x3bc8</run_address>
         <size>0x9c</size>
         <input_file_ref idref="fl-9"/>
      </object_component>
      <object_component id="oc-36">
         <name>.text</name>
         <load_address>0x3c64</load_address>
         <run_address>0x3c64</run_address>
         <size>0x9c</size>
         <input_file_ref idref="fl-dc"/>
      </object_component>
      <object_component id="oc-3d6">
         <name>.text</name>
         <load_address>0x3d00</load_address>
         <run_address>0x3d00</run_address>
         <size>0x96</size>
         <input_file_ref idref="fl-d2"/>
      </object_component>
      <object_component id="oc-35d">
         <name>.text:fputc</name>
         <load_address>0x3d98</load_address>
         <run_address>0x3d98</run_address>
         <size>0x8c</size>
         <input_file_ref idref="fl-c8"/>
      </object_component>
      <object_component id="oc-25e">
         <name>.text:__aeabi_cdcmple</name>
         <load_address>0x3e24</load_address>
         <run_address>0x3e24</run_address>
         <size>0x86</size>
         <input_file_ref idref="fl-d5"/>
      </object_component>
      <object_component id="oc-263">
         <name>.text:__aeabi_cdrcmple</name>
         <load_address>0x3eaa</load_address>
         <run_address>0x3eaa</run_address>
         <size>0x86</size>
         <input_file_ref idref="fl-d5"/>
      </object_component>
      <object_component id="oc-8a">
         <name>.text</name>
         <load_address>0x3f30</load_address>
         <run_address>0x3f30</run_address>
         <size>0x7a</size>
         <input_file_ref idref="fl-d3"/>
      </object_component>
      <object_component id="oc-51a">
         <name>.text:__TI_closefile</name>
         <load_address>0x3fac</load_address>
         <run_address>0x3fac</run_address>
         <size>0x74</size>
         <input_file_ref idref="fl-103"/>
      </object_component>
      <object_component id="oc-55b">
         <name>.text:split</name>
         <load_address>0x4020</load_address>
         <run_address>0x4020</run_address>
         <size>0x70</size>
         <input_file_ref idref="fl-e9"/>
      </object_component>
      <object_component id="oc-3ed">
         <name>.text:_mcpy</name>
         <load_address>0x4090</load_address>
         <run_address>0x4090</run_address>
         <size>0x6e</size>
         <input_file_ref idref="fl-c7"/>
      </object_component>
      <object_component id="oc-129">
         <name>.text</name>
         <load_address>0x40fe</load_address>
         <run_address>0x40fe</run_address>
         <size>0x6e</size>
         <input_file_ref idref="fl-d9"/>
      </object_component>
      <object_component id="oc-54a">
         <name>.text:HOSTrename</name>
         <load_address>0x416c</load_address>
         <run_address>0x416c</run_address>
         <size>0x6c</size>
         <input_file_ref idref="fl-fd"/>
      </object_component>
      <object_component id="oc-53e">
         <name>.text:HOSTlseek</name>
         <load_address>0x41d8</load_address>
         <run_address>0x41d8</run_address>
         <size>0x68</size>
         <input_file_ref idref="fl-fa"/>
      </object_component>
      <object_component id="oc-13">
         <name>.text:decompress:lzss:__TI_decompress_lzss</name>
         <load_address>0x4240</load_address>
         <run_address>0x4240</run_address>
         <size>0x68</size>
         <input_file_ref idref="fl-e0"/>
      </object_component>
      <object_component id="oc-114">
         <name>.text:printf</name>
         <load_address>0x42a8</load_address>
         <run_address>0x42a8</run_address>
         <size>0x68</size>
         <input_file_ref idref="fl-c6"/>
      </object_component>
      <object_component id="oc-194">
         <name>.text:Interrupt_enableInterrupt</name>
         <load_address>0x4310</load_address>
         <run_address>0x4310</run_address>
         <size>0x64</size>
         <input_file_ref idref="fl-c"/>
      </object_component>
      <object_component id="oc-402">
         <name>.text:frexp</name>
         <load_address>0x4374</load_address>
         <run_address>0x4374</run_address>
         <size>0x64</size>
         <input_file_ref idref="fl-cf"/>
      </object_component>
      <object_component id="oc-4a0">
         <name>.text:fseek</name>
         <load_address>0x43d8</load_address>
         <run_address>0x43d8</run_address>
         <size>0x64</size>
         <input_file_ref idref="fl-f3"/>
      </object_component>
      <object_component id="oc-42e">
         <name>.text:__TI_wrt_ok</name>
         <load_address>0x443c</load_address>
         <run_address>0x443c</run_address>
         <size>0x62</size>
         <input_file_ref idref="fl-ca"/>
      </object_component>
      <object_component id="oc-526">
         <name>.text:HOSTopen</name>
         <load_address>0x44a0</load_address>
         <run_address>0x44a0</run_address>
         <size>0x60</size>
         <input_file_ref idref="fl-fb"/>
      </object_component>
      <object_component id="oc-562">
         <name>.text:close</name>
         <load_address>0x4500</load_address>
         <run_address>0x4500</run_address>
         <size>0x5c</size>
         <input_file_ref idref="fl-109"/>
      </object_component>
      <object_component id="oc-532">
         <name>.text:HOSTread</name>
         <load_address>0x455c</load_address>
         <run_address>0x455c</run_address>
         <size>0x58</size>
         <input_file_ref idref="fl-fc"/>
      </object_component>
      <object_component id="oc-538">
         <name>.text:HOSTwrite</name>
         <load_address>0x45b4</load_address>
         <run_address>0x45b4</run_address>
         <size>0x58</size>
         <input_file_ref idref="fl-ff"/>
      </object_component>
      <object_component id="oc-31e">
         <name>.text:_pconv_f</name>
         <load_address>0x460c</load_address>
         <run_address>0x460c</run_address>
         <size>0x56</size>
         <input_file_ref idref="fl-c7"/>
      </object_component>
      <object_component id="oc-3e1">
         <name>.text:__TI_ltoa</name>
         <load_address>0x4662</load_address>
         <run_address>0x4662</run_address>
         <size>0x54</size>
         <input_file_ref idref="fl-e3"/>
      </object_component>
      <object_component id="oc-3e7">
         <name>.text:_ecpy</name>
         <load_address>0x46b6</load_address>
         <run_address>0x46b6</run_address>
         <size>0x52</size>
         <input_file_ref idref="fl-c7"/>
      </object_component>
      <object_component id="oc-45f">
         <name>.text:SysCtl_getTLVInfo</name>
         <load_address>0x4708</load_address>
         <run_address>0x4708</run_address>
         <size>0x50</size>
         <input_file_ref idref="fl-d"/>
      </object_component>
      <object_component id="oc-17c">
         <name>.text:GPIO_setAsPeripheralModuleFunctionOutputPin</name>
         <load_address>0x4758</load_address>
         <run_address>0x4758</run_address>
         <size>0x4c</size>
         <input_file_ref idref="fl-a"/>
      </object_component>
      <object_component id="oc-459">
         <name>.text:_CSGetDOCFrequency</name>
         <load_address>0x47a4</load_address>
         <run_address>0x47a4</run_address>
         <size>0x4c</size>
         <input_file_ref idref="fl-9"/>
      </object_component>
      <object_component id="oc-43a">
         <name>.text:__TI_doflush</name>
         <load_address>0x47f0</load_address>
         <run_address>0x47f0</run_address>
         <size>0x4c</size>
         <input_file_ref idref="fl-f1"/>
      </object_component>
      <object_component id="oc-30c">
         <name>.text:atoi</name>
         <load_address>0x483c</load_address>
         <run_address>0x483c</run_address>
         <size>0x4c</size>
         <input_file_ref idref="fl-e4"/>
      </object_component>
      <object_component id="oc-39a">
         <name>.text:_CSGetDividerValue</name>
         <load_address>0x4888</load_address>
         <run_address>0x4888</run_address>
         <size>0x48</size>
         <input_file_ref idref="fl-9"/>
      </object_component>
      <object_component id="oc-1df">
         <name>.text:exit</name>
         <load_address>0x48d0</load_address>
         <run_address>0x48d0</run_address>
         <size>0x48</size>
         <input_file_ref idref="fl-e1"/>
      </object_component>
      <object_component id="oc-3dc">
         <name>.text</name>
         <load_address>0x4918</load_address>
         <run_address>0x4918</run_address>
         <size>0x48</size>
         <input_file_ref idref="fl-d8"/>
      </object_component>
      <object_component id="oc-52c">
         <name>.text:HOSTclose</name>
         <load_address>0x4960</load_address>
         <run_address>0x4960</run_address>
         <size>0x44</size>
         <input_file_ref idref="fl-f9"/>
      </object_component>
      <object_component id="oc-544">
         <name>.text:HOSTunlink</name>
         <load_address>0x49a4</load_address>
         <run_address>0x49a4</run_address>
         <size>0x44</size>
         <input_file_ref idref="fl-fe"/>
      </object_component>
      <object_component id="oc-1ac">
         <name>.text:Timer_A_configureUpMode</name>
         <load_address>0x49e8</load_address>
         <run_address>0x49e8</run_address>
         <size>0x44</size>
         <input_file_ref idref="fl-e"/>
      </object_component>
      <object_component id="oc-1e5">
         <name>.text:__TI_auto_init_nobinit_nopinit:__TI_auto_init_nobinit_nopinit</name>
         <load_address>0x4a2c</load_address>
         <run_address>0x4a2c</run_address>
         <size>0x44</size>
         <input_file_ref idref="fl-f5"/>
      </object_component>
      <object_component id="oc-59a">
         <name>.text:getdevice</name>
         <load_address>0x4a70</load_address>
         <run_address>0x4a70</run_address>
         <size>0x44</size>
         <input_file_ref idref="fl-104"/>
      </object_component>
      <object_component id="oc-10e">
         <name>.text:I2C_masterSendMultiByteFinish</name>
         <load_address>0x4ab4</load_address>
         <run_address>0x4ab4</run_address>
         <size>0x40</size>
         <input_file_ref idref="fl-b"/>
      </object_component>
      <object_component id="oc-1b2">
         <name>.text:I2C_initMaster</name>
         <load_address>0x4af4</load_address>
         <run_address>0x4af4</run_address>
         <size>0x3e</size>
         <input_file_ref idref="fl-b"/>
      </object_component>
      <object_component id="oc-3fa">
         <name>.text:_fcpy</name>
         <load_address>0x4b32</load_address>
         <run_address>0x4b32</run_address>
         <size>0x3e</size>
         <input_file_ref idref="fl-c7"/>
      </object_component>
      <object_component id="oc-e4">
         <name>.text:I2C_masterSendMultiByteStart</name>
         <load_address>0x4b70</load_address>
         <run_address>0x4b70</run_address>
         <size>0x38</size>
         <input_file_ref idref="fl-b"/>
      </object_component>
      <object_component id="oc-573">
         <name>.text:__TI_writemsg</name>
         <load_address>0x4ba8</load_address>
         <run_address>0x4ba8</run_address>
         <size>0x38</size>
         <input_file_ref idref="fl-100"/>
      </object_component>
      <object_component id="oc-12e">
         <name>.text</name>
         <load_address>0x4be0</load_address>
         <run_address>0x4be0</run_address>
         <size>0x38</size>
         <input_file_ref idref="fl-da"/>
      </object_component>
      <object_component id="oc-5bc">
         <name>.text:strncpy</name>
         <load_address>0x4c18</load_address>
         <run_address>0x4c18</run_address>
         <size>0x36</size>
         <input_file_ref idref="fl-107"/>
      </object_component>
      <object_component id="oc-4db">
         <name>.text:__TI_cleanup</name>
         <load_address>0x4c50</load_address>
         <run_address>0x4c50</run_address>
         <size>0x34</size>
         <input_file_ref idref="fl-f2"/>
      </object_component>
      <object_component id="oc-579">
         <name>.text:__TI_readmsg</name>
         <load_address>0x4c84</load_address>
         <run_address>0x4c84</run_address>
         <size>0x34</size>
         <input_file_ref idref="fl-100"/>
      </object_component>
      <object_component id="oc-54">
         <name>.text:_c_int00_noargs:_c_int00_noargs</name>
         <load_address>0x4cb8</load_address>
         <run_address>0x4cb8</run_address>
         <size>0x34</size>
         <input_file_ref idref="fl-ed"/>
      </object_component>
      <object_component id="oc-14a">
         <name>.text:GPIO_getEnabledInterruptStatus</name>
         <load_address>0x4cec</load_address>
         <run_address>0x4cec</run_address>
         <size>0x30</size>
         <input_file_ref idref="fl-a"/>
      </object_component>
      <object_component id="oc-182">
         <name>.text:GPIO_setAsInputPinWithPullUpResistor</name>
         <load_address>0x4d1c</load_address>
         <run_address>0x4d1c</run_address>
         <size>0x30</size>
         <input_file_ref idref="fl-a"/>
      </object_component>
      <object_component id="oc-fc">
         <name>.text:I2C_masterReceiveMultiByteFinish</name>
         <load_address>0x4d4c</load_address>
         <run_address>0x4d4c</run_address>
         <size>0x30</size>
         <input_file_ref idref="fl-b"/>
      </object_component>
      <object_component id="oc-f0">
         <name>.text:I2C_masterSendMultiByteStop</name>
         <load_address>0x4d7c</load_address>
         <run_address>0x4d7c</run_address>
         <size>0x30</size>
         <input_file_ref idref="fl-b"/>
      </object_component>
      <object_component id="oc-5c2">
         <name>.text:finddevice</name>
         <load_address>0x4dac</load_address>
         <run_address>0x4dac</run_address>
         <size>0x30</size>
         <input_file_ref idref="fl-104"/>
      </object_component>
      <object_component id="oc-11a">
         <name>.text</name>
         <load_address>0x4ddc</load_address>
         <run_address>0x4ddc</run_address>
         <size>0x2e</size>
         <input_file_ref idref="fl-db"/>
      </object_component>
      <object_component id="oc-568">
         <name>.text:unlink</name>
         <load_address>0x4e0c</load_address>
         <run_address>0x4e0c</run_address>
         <size>0x2c</size>
         <input_file_ref idref="fl-10a"/>
      </object_component>
      <object_component id="oc-50c">
         <name>.text:free_list_insert</name>
         <load_address>0x4e38</load_address>
         <run_address>0x4e38</run_address>
         <size>0x28</size>
         <input_file_ref idref="fl-e9"/>
      </object_component>
      <object_component id="oc-4c7">
         <name>.text:lseek</name>
         <load_address>0x4e60</load_address>
         <run_address>0x4e60</run_address>
         <size>0x28</size>
         <input_file_ref idref="fl-102"/>
      </object_component>
      <object_component id="oc-440">
         <name>.text:write</name>
         <load_address>0x4e88</load_address>
         <run_address>0x4e88</run_address>
         <size>0x28</size>
         <input_file_ref idref="fl-ee"/>
      </object_component>
      <object_component id="oc-3a6">
         <name>.text:CS_clearInterruptFlag</name>
         <load_address>0x4eb0</load_address>
         <run_address>0x4eb0</run_address>
         <size>0x24</size>
         <input_file_ref idref="fl-9"/>
      </object_component>
      <object_component id="oc-108">
         <name>.text:I2C_masterSendMultiByteNext</name>
         <load_address>0x4ed4</load_address>
         <run_address>0x4ed4</run_address>
         <size>0x24</size>
         <input_file_ref idref="fl-b"/>
      </object_component>
      <object_component id="oc-434">
         <name>.text:memchr</name>
         <load_address>0x4ef8</load_address>
         <run_address>0x4ef8</run_address>
         <size>0x20</size>
         <input_file_ref idref="fl-e8"/>
      </object_component>
      <object_component id="oc-162">
         <name>.text</name>
         <load_address>0x4f18</load_address>
         <run_address>0x4f18</run_address>
         <size>0x20</size>
         <input_file_ref idref="fl-dd"/>
      </object_component>
      <object_component id="oc-156">
         <name>.text:Timer_A_getCounterValue</name>
         <load_address>0x4f38</load_address>
         <run_address>0x4f38</run_address>
         <size>0x1c</size>
         <input_file_ref idref="fl-e"/>
      </object_component>
      <object_component id="oc-42">
         <name>.text:decompress:ZI:__TI_zero_init_nomemset:__TI_zero_init_nomemset</name>
         <load_address>0x4f54</load_address>
         <run_address>0x4f54</run_address>
         <size>0x1c</size>
         <input_file_ref idref="fl-de"/>
      </object_component>
      <object_component id="oc-506">
         <name>.text:free_list_remove</name>
         <load_address>0x4f70</load_address>
         <run_address>0x4f70</run_address>
         <size>0x1c</size>
         <input_file_ref idref="fl-e9"/>
      </object_component>
      <object_component id="oc-330">
         <name>.text:memccpy</name>
         <load_address>0x4f8c</load_address>
         <run_address>0x4f8c</run_address>
         <size>0x1c</size>
         <input_file_ref idref="fl-e7"/>
      </object_component>
      <object_component id="oc-374">
         <name>.text:copysign</name>
         <load_address>0x4fa8</load_address>
         <run_address>0x4fa8</run_address>
         <size>0x1a</size>
         <input_file_ref idref="fl-d1"/>
      </object_component>
      <object_component id="oc-15c">
         <name>.text:CS_getACLK</name>
         <load_address>0x4fc4</load_address>
         <run_address>0x4fc4</run_address>
         <size>0x18</size>
         <input_file_ref idref="fl-9"/>
      </object_component>
      <object_component id="oc-150">
         <name>.text:GPIO_clearInterruptFlag</name>
         <load_address>0x4fdc</load_address>
         <run_address>0x4fdc</run_address>
         <size>0x18</size>
         <input_file_ref idref="fl-a"/>
      </object_component>
      <object_component id="oc-1a6">
         <name>.text:WDT_A_holdTimer</name>
         <load_address>0x4ff4</load_address>
         <run_address>0x4ff4</run_address>
         <size>0x18</size>
         <input_file_ref idref="fl-f"/>
      </object_component>
      <object_component id="oc-5d9">
         <name>.text:strcmp</name>
         <load_address>0x500c</load_address>
         <run_address>0x500c</run_address>
         <size>0x18</size>
         <input_file_ref idref="fl-105"/>
      </object_component>
      <object_component id="oc-408">
         <name>.text:strchr</name>
         <load_address>0x5024</load_address>
         <run_address>0x5024</run_address>
         <size>0x16</size>
         <input_file_ref idref="fl-ea"/>
      </object_component>
      <object_component id="oc-18e">
         <name>.text:GPIO_enableInterrupt</name>
         <load_address>0x503c</load_address>
         <run_address>0x503c</run_address>
         <size>0x14</size>
         <input_file_ref idref="fl-a"/>
      </object_component>
      <object_component id="oc-de">
         <name>.text:I2C_isBusBusy</name>
         <load_address>0x5050</load_address>
         <run_address>0x5050</run_address>
         <size>0x14</size>
         <input_file_ref idref="fl-b"/>
      </object_component>
      <object_component id="oc-58d">
         <name>.text:strcpy</name>
         <load_address>0x5064</load_address>
         <run_address>0x5064</run_address>
         <size>0x14</size>
         <input_file_ref idref="fl-106"/>
      </object_component>
      <object_component id="oc-306">
         <name>.text:strlen</name>
         <load_address>0x5078</load_address>
         <run_address>0x5078</run_address>
         <size>0x14</size>
         <input_file_ref idref="fl-eb"/>
      </object_component>
      <object_component id="oc-66">
         <name>.text</name>
         <load_address>0x508c</load_address>
         <run_address>0x508c</run_address>
         <size>0x12</size>
         <input_file_ref idref="fl-2"/>
      </object_component>
      <object_component id="oc-336">
         <name>.text:wcslen</name>
         <load_address>0x509e</load_address>
         <run_address>0x509e</run_address>
         <size>0x12</size>
         <input_file_ref idref="fl-f0"/>
      </object_component>
      <object_component id="oc-27d">
         <name>.text:GPIO_getInterruptStatus</name>
         <load_address>0x50b0</load_address>
         <run_address>0x50b0</run_address>
         <size>0x10</size>
         <input_file_ref idref="fl-a"/>
      </object_component>
      <object_component id="oc-f6">
         <name>.text:I2C_masterReceiveStart</name>
         <load_address>0x50c0</load_address>
         <run_address>0x50c0</run_address>
         <size>0x10</size>
         <input_file_ref idref="fl-b"/>
      </object_component>
      <object_component id="oc-188">
         <name>.text:Interrupt_disableMaster</name>
         <load_address>0x50d0</load_address>
         <run_address>0x50d0</run_address>
         <size>0x10</size>
         <input_file_ref idref="fl-c"/>
      </object_component>
      <object_component id="oc-1a0">
         <name>.text:Interrupt_enableMaster</name>
         <load_address>0x50e0</load_address>
         <run_address>0x50e0</run_address>
         <size>0x10</size>
         <input_file_ref idref="fl-c"/>
      </object_component>
      <object_component id="oc-170">
         <name>.text:Timer_A_clearTimer</name>
         <load_address>0x50f0</load_address>
         <run_address>0x50f0</run_address>
         <size>0x10</size>
         <input_file_ref idref="fl-e"/>
      </object_component>
      <object_component id="oc-d8">
         <name>.text:I2C_clearInterruptFlag</name>
         <load_address>0x5100</load_address>
         <run_address>0x5100</run_address>
         <size>0xe</size>
         <input_file_ref idref="fl-b"/>
      </object_component>
      <object_component id="oc-d2">
         <name>.text:I2C_setMode</name>
         <load_address>0x510e</load_address>
         <run_address>0x510e</run_address>
         <size>0xe</size>
         <input_file_ref idref="fl-b"/>
      </object_component>
      <object_component id="oc-19">
         <name>.text:decompress:none:__TI_decompress_none</name>
         <load_address>0x511c</load_address>
         <run_address>0x511c</run_address>
         <size>0xe</size>
         <input_file_ref idref="fl-df"/>
      </object_component>
      <object_component id="oc-29a">
         <name>.text:CPU_cpsid</name>
         <load_address>0x512a</load_address>
         <run_address>0x512a</run_address>
         <size>0xc</size>
         <input_file_ref idref="fl-10"/>
      </object_component>
      <object_component id="oc-2a8">
         <name>.text:CPU_cpsie</name>
         <load_address>0x5136</load_address>
         <run_address>0x5136</run_address>
         <size>0xc</size>
         <input_file_ref idref="fl-10"/>
      </object_component>
      <object_component id="oc-1be">
         <name>.text:I2C_enableModule</name>
         <load_address>0x5142</load_address>
         <run_address>0x5142</run_address>
         <size>0xc</size>
         <input_file_ref idref="fl-b"/>
      </object_component>
      <object_component id="oc-16a">
         <name>.text:Timer_A_stopTimer</name>
         <load_address>0x514e</load_address>
         <run_address>0x514e</run_address>
         <size>0xc</size>
         <input_file_ref idref="fl-e"/>
      </object_component>
      <object_component id="oc-19a">
         <name>.text:I2C_enableInterrupt</name>
         <load_address>0x515a</load_address>
         <run_address>0x515a</run_address>
         <size>0x8</size>
         <input_file_ref idref="fl-b"/>
      </object_component>
      <object_component id="oc-176">
         <name>.text:Timer_A_startCounter</name>
         <load_address>0x5162</load_address>
         <run_address>0x5162</run_address>
         <size>0x8</size>
         <input_file_ref idref="fl-e"/>
      </object_component>
      <object_component id="oc-255">
         <name>.text:__aeabi_errno_addr</name>
         <load_address>0x516c</load_address>
         <run_address>0x516c</run_address>
         <size>0x8</size>
         <input_file_ref idref="fl-ec"/>
      </object_component>
      <object_component id="oc-4d5">
         <name>.text:malloc</name>
         <load_address>0x5174</load_address>
         <run_address>0x5174</run_address>
         <size>0x8</size>
         <input_file_ref idref="fl-e9"/>
      </object_component>
      <object_component id="oc-ea">
         <name>.text:I2C_getInterruptStatus</name>
         <load_address>0x517c</load_address>
         <run_address>0x517c</run_address>
         <size>0x6</size>
         <input_file_ref idref="fl-b"/>
      </object_component>
      <object_component id="oc-102">
         <name>.text:I2C_masterReceiveMultiByteNext</name>
         <load_address>0x5182</load_address>
         <run_address>0x5182</run_address>
         <size>0x6</size>
         <input_file_ref idref="fl-b"/>
      </object_component>
      <object_component id="oc-1b8">
         <name>.text:I2C_setSlaveAddress</name>
         <load_address>0x5188</load_address>
         <run_address>0x5188</run_address>
         <size>0x4</size>
         <input_file_ref idref="fl-b"/>
      </object_component>
      <object_component id="oc-243">
         <name>.text:_outc</name>
         <load_address>0x518c</load_address>
         <run_address>0x518c</run_address>
         <size>0x4</size>
         <input_file_ref idref="fl-c6"/>
      </object_component>
      <object_component id="oc-23d">
         <name>.text:_outs</name>
         <load_address>0x5190</load_address>
         <run_address>0x5190</run_address>
         <size>0x4</size>
         <input_file_ref idref="fl-c6"/>
      </object_component>
      <object_component id="oc-90">
         <name>.text:_system_pre_init</name>
         <load_address>0x5194</load_address>
         <run_address>0x5194</run_address>
         <size>0x4</size>
         <input_file_ref idref="fl-f6"/>
      </object_component>
      <object_component id="oc-1d9">
         <name>.text:abort:abort</name>
         <load_address>0x5198</load_address>
         <run_address>0x5198</run_address>
         <size>0x4</size>
         <input_file_ref idref="fl-e1"/>
      </object_component>
      <object_component id="oc-3d1">
         <name>.const:.string:_ctypes_</name>
         <load_address>0x51a0</load_address>
         <run_address>0x51a0</run_address>
         <size>0x101</size>
         <input_file_ref idref="fl-e5"/>
      </object_component>
      <object_component id="oc-278">
         <name>.const:$O1$$</name>
         <load_address>0x52a8</load_address>
         <run_address>0x52a8</run_address>
         <size>0x98</size>
         <input_file_ref idref="fl-ce"/>
      </object_component>
      <object_component id="oc-2a2">
         <name>.const</name>
         <load_address>0x5340</load_address>
         <run_address>0x5340</run_address>
         <size>0x40</size>
         <input_file_ref idref="fl-c"/>
      </object_component>
      <object_component id="oc-25b">
         <name>.const:$O1$$</name>
         <load_address>0x5380</load_address>
         <run_address>0x5380</run_address>
         <size>0x30</size>
         <input_file_ref idref="fl-cc"/>
      </object_component>
      <object_component id="oc-1c7">
         <name>.const:$P$T0$1</name>
         <load_address>0x53b0</load_address>
         <run_address>0x53b0</run_address>
         <size>0x18</size>
         <input_file_ref idref="fl-1"/>
      </object_component>
      <object_component id="oc-1ca">
         <name>.const:$P$T1$2</name>
         <load_address>0x53c8</load_address>
         <run_address>0x53c8</run_address>
         <size>0x14</size>
         <input_file_ref idref="fl-1"/>
      </object_component>
      <object_component id="oc-614">
         <name>.cinit..data.load</name>
         <load_address>0x53e0</load_address>
         <run_address>0x53e0</run_address>
         <size>0x92</size>
      </object_component>
      <object_component id="oc-612">
         <name>__TI_handler_table</name>
         <load_address>0x5474</load_address>
         <run_address>0x5474</run_address>
         <size>0xc</size>
      </object_component>
      <object_component id="oc-615">
         <name>.cinit..bss.load</name>
         <load_address>0x5480</load_address>
         <run_address>0x5480</run_address>
         <size>0x8</size>
      </object_component>
      <object_component id="oc-613">
         <name>__TI_cinit_table</name>
         <load_address>0x5488</load_address>
         <run_address>0x5488</run_address>
         <size>0x10</size>
      </object_component>
      <object_component id="oc-1c4">
         <name>.data</name>
         <load_address>0x20000a1c</load_address>
         <run_address>0x20000a1c</run_address>
         <size>0x1</size>
         <input_file_ref idref="fl-1"/>
      </object_component>
      <object_component id="oc-217">
         <name>.data</name>
         <load_address>0x20000a18</load_address>
         <run_address>0x20000a18</run_address>
         <size>0x4</size>
         <input_file_ref idref="fl-3"/>
      </object_component>
      <object_component id="oc-283">
         <name>.data:GPIO_PORT_TO_BASE</name>
         <load_address>0x200009b8</load_address>
         <run_address>0x200009b8</run_address>
         <size>0x30</size>
         <input_file_ref idref="fl-a"/>
      </object_component>
      <object_component id="oc-2dc">
         <name>.data:$O1$$</name>
         <load_address>0x200009f8</load_address>
         <run_address>0x200009f8</run_address>
         <size>0xc</size>
         <input_file_ref idref="fl-e1"/>
      </object_component>
      <object_component id="oc-237">
         <name>.data:$O1$$</name>
         <load_address>0x20000a04</load_address>
         <run_address>0x20000a04</run_address>
         <size>0x8</size>
         <input_file_ref idref="fl-e2"/>
      </object_component>
      <object_component id="oc-23a">
         <name>.data:_ftable</name>
         <load_address>0x20000800</load_address>
         <run_address>0x20000800</run_address>
         <size>0xf0</size>
         <input_file_ref idref="fl-e6"/>
      </object_component>
      <object_component id="oc-520">
         <name>.data</name>
         <load_address>0x200009e8</load_address>
         <run_address>0x200009e8</run_address>
         <size>0x10</size>
         <input_file_ref idref="fl-e6"/>
      </object_component>
      <object_component id="oc-556">
         <name>.data:$O1$$</name>
         <load_address>0x20000a0c</load_address>
         <run_address>0x20000a0c</run_address>
         <size>0x8</size>
         <input_file_ref idref="fl-e9"/>
      </object_component>
      <object_component id="oc-36b">
         <name>.data</name>
         <load_address>0x20000a14</load_address>
         <run_address>0x20000a14</run_address>
         <size>0x4</size>
         <input_file_ref idref="fl-ec"/>
      </object_component>
      <object_component id="oc-4ee">
         <name>.data:_device</name>
         <load_address>0x200008f0</load_address>
         <run_address>0x200008f0</run_address>
         <size>0x78</size>
         <input_file_ref idref="fl-ef"/>
      </object_component>
      <object_component id="oc-4b2">
         <name>.data:_stream</name>
         <load_address>0x20000968</load_address>
         <run_address>0x20000968</run_address>
         <size>0x50</size>
         <input_file_ref idref="fl-ef"/>
      </object_component>
      <object_component id="oc-167">
         <name>.bss</name>
         <uninitialized>true</uninitialized>
         <run_address>0x20000be0</run_address>
         <size>0x18</size>
         <input_file_ref idref="fl-1"/>
      </object_component>
      <object_component id="oc-5a4">
         <name>.bss:_CIOBUF_</name>
         <uninitialized>true</uninitialized>
         <run_address>0x20000a20</run_address>
         <size>0x120</size>
         <input_file_ref idref="fl-100"/>
      </object_component>
      <object_component id="oc-3ac">
         <name>.common:hfxtFreq</name>
         <uninitialized>true</uninitialized>
         <run_address>0x20000c00</run_address>
         <size>0x4</size>
      </object_component>
      <object_component id="oc-3af">
         <name>.common:lfxtFreq</name>
         <uninitialized>true</uninitialized>
         <run_address>0x20000c04</run_address>
         <size>0x4</size>
      </object_component>
      <object_component id="oc-56e">
         <name>.common:__TI_tmpnams</name>
         <uninitialized>true</uninitialized>
         <run_address>0x20000b40</run_address>
         <size>0xa0</size>
      </object_component>
      <object_component id="oc-57f">
         <name>.common:parmbuf</name>
         <uninitialized>true</uninitialized>
         <run_address>0x20000bf8</run_address>
         <size>0x8</size>
      </object_component>
      <object_component id="oc-25">
         <name>.sysmem</name>
         <uninitialized>true</uninitialized>
         <run_address>0x20000000</run_address>
         <size>0x10</size>
         <input_file_ref idref="fl-e9"/>
      </object_component>
      <object_component id="oc-618">
         <name>.sysmem</name>
         <uninitialized>true</uninitialized>
         <run_address>0x20000000</run_address>
         <size>0x0</size>
      </object_component>
      <object_component id="oc-28">
         <name>.stack</name>
         <uninitialized>true</uninitialized>
         <run_address>0x2000fe00</run_address>
         <size>0x4</size>
         <input_file_ref idref="fl-ed"/>
      </object_component>
      <object_component id="oc-617">
         <name>.stack</name>
         <uninitialized>true</uninitialized>
         <run_address>0x2000fe00</run_address>
         <size>0x0</size>
      </object_component>
      <object_component id="oc-1d8">
         <name>.debug_info</name>
         <load_address>0x0</load_address>
         <run_address>0x0</run_address>
         <size>0xdba</size>
         <input_file_ref idref="fl-1"/>
      </object_component>
      <object_component id="oc-168">
         <name>.debug_info</name>
         <load_address>0xdba</load_address>
         <run_address>0xdba</run_address>
         <size>0x1a9</size>
         <input_file_ref idref="fl-1"/>
      </object_component>
      <object_component id="oc-1c5">
         <name>.debug_info</name>
         <load_address>0xf63</load_address>
         <run_address>0xf63</run_address>
         <size>0xde</size>
         <input_file_ref idref="fl-1"/>
      </object_component>
      <object_component id="oc-1c8">
         <name>.debug_info</name>
         <load_address>0x1041</load_address>
         <run_address>0x1041</run_address>
         <size>0xd8</size>
         <input_file_ref idref="fl-1"/>
      </object_component>
      <object_component id="oc-1cb">
         <name>.debug_info</name>
         <load_address>0x1119</load_address>
         <run_address>0x1119</run_address>
         <size>0xd8</size>
         <input_file_ref idref="fl-1"/>
      </object_component>
      <object_component id="oc-97">
         <name>.debug_info</name>
         <load_address>0x11f1</load_address>
         <run_address>0x11f1</run_address>
         <size>0x1fd0</size>
         <input_file_ref idref="fl-1"/>
      </object_component>
      <object_component id="oc-2c2">
         <name>.debug_info</name>
         <load_address>0x31c1</load_address>
         <run_address>0x31c1</run_address>
         <size>0x9a</size>
         <input_file_ref idref="fl-1"/>
      </object_component>
      <object_component id="oc-b1">
         <name>.debug_info</name>
         <load_address>0x325b</load_address>
         <run_address>0x325b</run_address>
         <size>0x26b</size>
         <input_file_ref idref="fl-1"/>
      </object_component>
      <object_component id="oc-2cc">
         <name>.debug_info</name>
         <load_address>0x34c6</load_address>
         <run_address>0x34c6</run_address>
         <size>0x1055</size>
         <input_file_ref idref="fl-1"/>
      </object_component>
      <object_component id="oc-2c7">
         <name>.debug_info</name>
         <load_address>0x451b</load_address>
         <run_address>0x451b</run_address>
         <size>0x37e2</size>
         <input_file_ref idref="fl-1"/>
      </object_component>
      <object_component id="oc-2d1">
         <name>.debug_info</name>
         <load_address>0x7cfd</load_address>
         <run_address>0x7cfd</run_address>
         <size>0x341</size>
         <input_file_ref idref="fl-1"/>
      </object_component>
      <object_component id="oc-1d3">
         <name>.debug_info</name>
         <load_address>0x803e</load_address>
         <run_address>0x803e</run_address>
         <size>0x8b</size>
         <input_file_ref idref="fl-1"/>
      </object_component>
      <object_component id="oc-21b">
         <name>.debug_info</name>
         <load_address>0x80c9</load_address>
         <run_address>0x80c9</run_address>
         <size>0x2a4</size>
         <input_file_ref idref="fl-1"/>
      </object_component>
      <object_component id="oc-2d6">
         <name>.debug_info</name>
         <load_address>0x836d</load_address>
         <run_address>0x836d</run_address>
         <size>0xef</size>
         <input_file_ref idref="fl-1"/>
      </object_component>
      <object_component id="oc-1ce">
         <name>.debug_info</name>
         <load_address>0x845c</load_address>
         <run_address>0x845c</run_address>
         <size>0xbb</size>
         <input_file_ref idref="fl-1"/>
      </object_component>
      <object_component id="oc-24b">
         <name>.debug_info</name>
         <load_address>0x8517</load_address>
         <run_address>0x8517</run_address>
         <size>0x2c</size>
         <input_file_ref idref="fl-1"/>
      </object_component>
      <object_component id="oc-6e">
         <name>.debug_info</name>
         <load_address>0x8543</load_address>
         <run_address>0x8543</run_address>
         <size>0x321</size>
         <input_file_ref idref="fl-2"/>
      </object_component>
      <object_component id="oc-23">
         <name>.debug_info</name>
         <load_address>0x8864</load_address>
         <run_address>0x8864</run_address>
         <size>0xfc</size>
         <input_file_ref idref="fl-2"/>
      </object_component>
      <object_component id="oc-67">
         <name>.debug_info</name>
         <load_address>0x8960</load_address>
         <run_address>0x8960</run_address>
         <size>0x263</size>
         <input_file_ref idref="fl-2"/>
      </object_component>
      <object_component id="oc-31">
         <name>.debug_info</name>
         <load_address>0x8bc3</load_address>
         <run_address>0x8bc3</run_address>
         <size>0x84</size>
         <input_file_ref idref="fl-2"/>
      </object_component>
      <object_component id="oc-218">
         <name>.debug_info</name>
         <load_address>0x8c47</load_address>
         <run_address>0x8c47</run_address>
         <size>0xf5</size>
         <input_file_ref idref="fl-3"/>
      </object_component>
      <object_component id="oc-a9">
         <name>.debug_info</name>
         <load_address>0x8d3c</load_address>
         <run_address>0x8d3c</run_address>
         <size>0x267</size>
         <input_file_ref idref="fl-3"/>
      </object_component>
      <object_component id="oc-3ad">
         <name>.debug_info</name>
         <load_address>0x8fa3</load_address>
         <run_address>0x8fa3</run_address>
         <size>0x5ef</size>
         <input_file_ref idref="fl-9"/>
      </object_component>
      <object_component id="oc-39b">
         <name>.debug_info</name>
         <load_address>0x9592</load_address>
         <run_address>0x9592</run_address>
         <size>0x131</size>
         <input_file_ref idref="fl-9"/>
      </object_component>
      <object_component id="oc-45a">
         <name>.debug_info</name>
         <load_address>0x96c3</load_address>
         <run_address>0x96c3</run_address>
         <size>0x129</size>
         <input_file_ref idref="fl-9"/>
      </object_component>
      <object_component id="oc-3a1">
         <name>.debug_info</name>
         <load_address>0x97ec</load_address>
         <run_address>0x97ec</run_address>
         <size>0x1dd</size>
         <input_file_ref idref="fl-9"/>
      </object_component>
      <object_component id="oc-3a7">
         <name>.debug_info</name>
         <load_address>0x99c9</load_address>
         <run_address>0x99c9</run_address>
         <size>0x120</size>
         <input_file_ref idref="fl-9"/>
      </object_component>
      <object_component id="oc-28c">
         <name>.debug_info</name>
         <load_address>0x9ae9</load_address>
         <run_address>0x9ae9</run_address>
         <size>0x1d8</size>
         <input_file_ref idref="fl-9"/>
      </object_component>
      <object_component id="oc-15d">
         <name>.debug_info</name>
         <load_address>0x9cc1</load_address>
         <run_address>0x9cc1</run_address>
         <size>0x130</size>
         <input_file_ref idref="fl-9"/>
      </object_component>
      <object_component id="oc-469">
         <name>.debug_info</name>
         <load_address>0x9df1</load_address>
         <run_address>0x9df1</run_address>
         <size>0x1b5</size>
         <input_file_ref idref="fl-9"/>
      </object_component>
      <object_component id="oc-301">
         <name>.debug_info</name>
         <load_address>0x9fa6</load_address>
         <run_address>0x9fa6</run_address>
         <size>0x103e</size>
         <input_file_ref idref="fl-9"/>
      </object_component>
      <object_component id="oc-221">
         <name>.debug_info</name>
         <load_address>0xafe4</load_address>
         <run_address>0xafe4</run_address>
         <size>0x18b</size>
         <input_file_ref idref="fl-9"/>
      </object_component>
      <object_component id="oc-287">
         <name>.debug_info</name>
         <load_address>0xb16f</load_address>
         <run_address>0xb16f</run_address>
         <size>0x4a4</size>
         <input_file_ref idref="fl-a"/>
      </object_component>
      <object_component id="oc-284">
         <name>.debug_info</name>
         <load_address>0xb613</load_address>
         <run_address>0xb613</run_address>
         <size>0xd0</size>
         <input_file_ref idref="fl-a"/>
      </object_component>
      <object_component id="oc-17d">
         <name>.debug_info</name>
         <load_address>0xb6e3</load_address>
         <run_address>0xb6e3</run_address>
         <size>0x1dd</size>
         <input_file_ref idref="fl-a"/>
      </object_component>
      <object_component id="oc-183">
         <name>.debug_info</name>
         <load_address>0xb8c0</load_address>
         <run_address>0xb8c0</run_address>
         <size>0x1be</size>
         <input_file_ref idref="fl-a"/>
      </object_component>
      <object_component id="oc-27e">
         <name>.debug_info</name>
         <load_address>0xba7e</load_address>
         <run_address>0xba7e</run_address>
         <size>0x189</size>
         <input_file_ref idref="fl-a"/>
      </object_component>
      <object_component id="oc-14b">
         <name>.debug_info</name>
         <load_address>0xbc07</load_address>
         <run_address>0xbc07</run_address>
         <size>0x1ae</size>
         <input_file_ref idref="fl-a"/>
      </object_component>
      <object_component id="oc-18f">
         <name>.debug_info</name>
         <load_address>0xbdb5</load_address>
         <run_address>0xbdb5</run_address>
         <size>0x17f</size>
         <input_file_ref idref="fl-a"/>
      </object_component>
      <object_component id="oc-151">
         <name>.debug_info</name>
         <load_address>0xbf34</load_address>
         <run_address>0xbf34</run_address>
         <size>0x188</size>
         <input_file_ref idref="fl-a"/>
      </object_component>
      <object_component id="oc-226">
         <name>.debug_info</name>
         <load_address>0xc0bc</load_address>
         <run_address>0xc0bc</run_address>
         <size>0x4ac</size>
         <input_file_ref idref="fl-b"/>
      </object_component>
      <object_component id="oc-1b9">
         <name>.debug_info</name>
         <load_address>0xc568</load_address>
         <run_address>0xc568</run_address>
         <size>0x182</size>
         <input_file_ref idref="fl-b"/>
      </object_component>
      <object_component id="oc-d3">
         <name>.debug_info</name>
         <load_address>0xc6ea</load_address>
         <run_address>0xc6ea</run_address>
         <size>0x152</size>
         <input_file_ref idref="fl-b"/>
      </object_component>
      <object_component id="oc-f1">
         <name>.debug_info</name>
         <load_address>0xc83c</load_address>
         <run_address>0xc83c</run_address>
         <size>0x153</size>
         <input_file_ref idref="fl-b"/>
      </object_component>
      <object_component id="oc-e5">
         <name>.debug_info</name>
         <load_address>0xc98f</load_address>
         <run_address>0xc98f</run_address>
         <size>0x19c</size>
         <input_file_ref idref="fl-b"/>
      </object_component>
      <object_component id="oc-109">
         <name>.debug_info</name>
         <load_address>0xcb2b</load_address>
         <run_address>0xcb2b</run_address>
         <size>0x17d</size>
         <input_file_ref idref="fl-b"/>
      </object_component>
      <object_component id="oc-10f">
         <name>.debug_info</name>
         <load_address>0xcca8</load_address>
         <run_address>0xcca8</run_address>
         <size>0x181</size>
         <input_file_ref idref="fl-b"/>
      </object_component>
      <object_component id="oc-f7">
         <name>.debug_info</name>
         <load_address>0xce29</load_address>
         <run_address>0xce29</run_address>
         <size>0x149</size>
         <input_file_ref idref="fl-b"/>
      </object_component>
      <object_component id="oc-103">
         <name>.debug_info</name>
         <load_address>0xcf72</load_address>
         <run_address>0xcf72</run_address>
         <size>0x15d</size>
         <input_file_ref idref="fl-b"/>
      </object_component>
      <object_component id="oc-fd">
         <name>.debug_info</name>
         <load_address>0xd0cf</load_address>
         <run_address>0xd0cf</run_address>
         <size>0x161</size>
         <input_file_ref idref="fl-b"/>
      </object_component>
      <object_component id="oc-df">
         <name>.debug_info</name>
         <load_address>0xd230</load_address>
         <run_address>0xd230</run_address>
         <size>0x138</size>
         <input_file_ref idref="fl-b"/>
      </object_component>
      <object_component id="oc-1b3">
         <name>.debug_info</name>
         <load_address>0xd368</load_address>
         <run_address>0xd368</run_address>
         <size>0x160</size>
         <input_file_ref idref="fl-b"/>
      </object_component>
      <object_component id="oc-eb">
         <name>.debug_info</name>
         <load_address>0xd4c8</load_address>
         <run_address>0xd4c8</run_address>
         <size>0x16f</size>
         <input_file_ref idref="fl-b"/>
      </object_component>
      <object_component id="oc-1bf">
         <name>.debug_info</name>
         <load_address>0xd637</load_address>
         <run_address>0xd637</run_address>
         <size>0x13a</size>
         <input_file_ref idref="fl-b"/>
      </object_component>
      <object_component id="oc-19b">
         <name>.debug_info</name>
         <load_address>0xd771</load_address>
         <run_address>0xd771</run_address>
         <size>0x165</size>
         <input_file_ref idref="fl-b"/>
      </object_component>
      <object_component id="oc-d9">
         <name>.debug_info</name>
         <load_address>0xd8d6</load_address>
         <run_address>0xd8d6</run_address>
         <size>0x16b</size>
         <input_file_ref idref="fl-b"/>
      </object_component>
      <object_component id="oc-2fc">
         <name>.debug_info</name>
         <load_address>0xda41</load_address>
         <run_address>0xda41</run_address>
         <size>0x9a</size>
         <input_file_ref idref="fl-b"/>
      </object_component>
      <object_component id="oc-2a6">
         <name>.debug_info</name>
         <load_address>0xdadb</load_address>
         <run_address>0xdadb</run_address>
         <size>0x432</size>
         <input_file_ref idref="fl-c"/>
      </object_component>
      <object_component id="oc-2a3">
         <name>.debug_info</name>
         <load_address>0xdf0d</load_address>
         <run_address>0xdf0d</run_address>
         <size>0x173</size>
         <input_file_ref idref="fl-c"/>
      </object_component>
      <object_component id="oc-1a1">
         <name>.debug_info</name>
         <load_address>0xe080</load_address>
         <run_address>0xe080</run_address>
         <size>0x122</size>
         <input_file_ref idref="fl-c"/>
      </object_component>
      <object_component id="oc-195">
         <name>.debug_info</name>
         <load_address>0xe1a2</load_address>
         <run_address>0xe1a2</run_address>
         <size>0x16b</size>
         <input_file_ref idref="fl-c"/>
      </object_component>
      <object_component id="oc-189">
         <name>.debug_info</name>
         <load_address>0xe30d</load_address>
         <run_address>0xe30d</run_address>
         <size>0x124</size>
         <input_file_ref idref="fl-c"/>
      </object_component>
      <object_component id="oc-4bd">
         <name>.debug_info</name>
         <load_address>0xe431</load_address>
         <run_address>0xe431</run_address>
         <size>0x379</size>
         <input_file_ref idref="fl-d"/>
      </object_component>
      <object_component id="oc-460">
         <name>.debug_info</name>
         <load_address>0xe7aa</load_address>
         <run_address>0xe7aa</run_address>
         <size>0x1d6</size>
         <input_file_ref idref="fl-d"/>
      </object_component>
      <object_component id="oc-28a">
         <name>.debug_info</name>
         <load_address>0xe980</load_address>
         <run_address>0xe980</run_address>
         <size>0x4f5</size>
         <input_file_ref idref="fl-e"/>
      </object_component>
      <object_component id="oc-16b">
         <name>.debug_info</name>
         <load_address>0xee75</load_address>
         <run_address>0xee75</run_address>
         <size>0x127</size>
         <input_file_ref idref="fl-e"/>
      </object_component>
      <object_component id="oc-17a">
         <name>.debug_info</name>
         <load_address>0xef9c</load_address>
         <run_address>0xef9c</run_address>
         <size>0x160</size>
         <input_file_ref idref="fl-e"/>
      </object_component>
      <object_component id="oc-15a">
         <name>.debug_info</name>
         <load_address>0xf0fc</load_address>
         <run_address>0xf0fc</run_address>
         <size>0x174</size>
         <input_file_ref idref="fl-e"/>
      </object_component>
      <object_component id="oc-2b2">
         <name>.debug_info</name>
         <load_address>0xf270</load_address>
         <run_address>0xf270</run_address>
         <size>0x1af</size>
         <input_file_ref idref="fl-e"/>
      </object_component>
      <object_component id="oc-1b0">
         <name>.debug_info</name>
         <load_address>0xf41f</load_address>
         <run_address>0xf41f</run_address>
         <size>0x188</size>
         <input_file_ref idref="fl-e"/>
      </object_component>
      <object_component id="oc-174">
         <name>.debug_info</name>
         <load_address>0xf5a7</load_address>
         <run_address>0xf5a7</run_address>
         <size>0x129</size>
         <input_file_ref idref="fl-e"/>
      </object_component>
      <object_component id="oc-395">
         <name>.debug_info</name>
         <load_address>0xf6d0</load_address>
         <run_address>0xf6d0</run_address>
         <size>0x341</size>
         <input_file_ref idref="fl-e"/>
      </object_component>
[...]
         <name>I2C_enableInterrupt</name>
         <value>0x515b</value>
         <object_component_ref idref="oc-19a"/>
      </symbol>
      <symbol id="sm-335">
         <name>Interrupt_disableMaster</name>
         <value>0x50d1</value>
         <object_component_ref idref="oc-188"/>
      </symbol>
      <symbol id="sm-336">
         <name>Interrupt_enableMaster</name>
         <value>0x50e1</value>
         <object_component_ref idref="oc-1a0"/>
      </symbol>
      <symbol id="sm-337">
         <name>Interrupt_enableInterrupt</name>
         <value>0x4311</value>
         <object_component_ref idref="oc-194"/>
      </symbol>
      <symbol id="sm-34c">
         <name>SysCtl_getTLVInfo</name>
         <value>0x4709</value>
         <object_component_ref idref="oc-45f"/>
      </symbol>
      <symbol id="sm-39b">
         <name>Timer_A_getCounterValue</name>
         <value>0x4f39</value>
         <object_component_ref idref="oc-156"/>
      </symbol>
      <symbol id="sm-39c">
         <name>Timer_A_startCounter</name>
         <value>0x5163</value>
         <object_component_ref idref="oc-176"/>
      </symbol>
      <symbol id="sm-39d">
         <name>Timer_A_stopTimer</name>
         <value>0x514f</value>
         <object_component_ref idref="oc-16a"/>
      </symbol>
      <symbol id="sm-39e">
         <name>Timer_A_clearTimer</name>
         <value>0x50f1</value>
         <object_component_ref idref="oc-170"/>
      </symbol>
      <symbol id="sm-39f">
         <name>Timer_A_configureUpMode</name>
         <value>0x49e9</value>
         <object_component_ref idref="oc-1ac"/>
      </symbol>
      <symbol id="sm-3ab">
         <name>WDT_A_holdTimer</name>
         <value>0x4ff5</value>
         <object_component_ref idref="oc-1a6"/>
      </symbol>
      <symbol id="sm-3bd">
         <name>CPU_cpsie</name>
         <value>0x5137</value>
         <object_component_ref idref="oc-2a8"/>
      </symbol>
      <symbol id="sm-3be">
         <name>CPU_cpsid</name>
         <value>0x512b</value>
         <object_component_ref idref="oc-29a"/>
      </symbol>
      <symbol id="sm-3ea">
         <name>printf</name>
         <value>0x42a9</value>
         <object_component_ref idref="oc-114"/>
      </symbol>
      <symbol id="sm-554">
         <name>__TI_printfi</name>
         <value>0xe71</value>
         <object_component_ref idref="oc-231"/>
      </symbol>
      <symbol id="sm-569">
         <name>putc</name>
         <value>0x3d99</value>
         <object_component_ref idref="oc-35d"/>
      </symbol>
      <symbol id="sm-56a">
         <name>fputc</name>
         <value>0x3d99</value>
         <object_component_ref idref="oc-35d"/>
      </symbol>
      <symbol id="sm-58d">
         <name>fputs</name>
         <value>0x337d</value>
         <object_component_ref idref="oc-356"/>
      </symbol>
      <symbol id="sm-5a5">
         <name>__TI_wrt_ok</name>
         <value>0x443d</value>
         <object_component_ref idref="oc-42e"/>
      </symbol>
      <symbol id="sm-5c1">
         <name>setvbuf</name>
         <value>0x3985</value>
         <object_component_ref idref="oc-4a6"/>
      </symbol>
      <symbol id="sm-658">
         <name>pow</name>
         <value>0x18c1</value>
         <object_component_ref idref="oc-133"/>
      </symbol>
      <symbol id="sm-659">
         <name>powl</name>
         <value>0x18c1</value>
         <object_component_ref idref="oc-133"/>
      </symbol>
      <symbol id="sm-67b">
         <name>sqrtl</name>
         <value>0x2e8d</value>
         <object_component_ref idref="oc-139"/>
      </symbol>
      <symbol id="sm-67c">
         <name>sqrt</name>
         <value>0x2e8d</value>
         <object_component_ref idref="oc-139"/>
      </symbol>
      <symbol id="sm-6b2">
         <name>atanl</name>
         <value>0x25a9</value>
         <object_component_ref idref="oc-13f"/>
      </symbol>
      <symbol id="sm-6b3">
         <name>atan</name>
         <value>0x25a9</value>
         <object_component_ref idref="oc-13f"/>
      </symbol>
      <symbol id="sm-6d3">
         <name>frexpl</name>
         <value>0x4375</value>
         <object_component_ref idref="oc-402"/>
      </symbol>
      <symbol id="sm-6d4">
         <name>frexp</name>
         <value>0x4375</value>
         <object_component_ref idref="oc-402"/>
      </symbol>
      <symbol id="sm-6f1">
         <name>scalbn</name>
         <value>0x3491</value>
         <object_component_ref idref="oc-268"/>
      </symbol>
      <symbol id="sm-6f2">
         <name>scalbnl</name>
         <value>0x3491</value>
         <object_component_ref idref="oc-268"/>
      </symbol>
      <symbol id="sm-6f3">
         <name>ldexpl</name>
         <value>0x3491</value>
         <object_component_ref idref="oc-268"/>
      </symbol>
      <symbol id="sm-6f4">
         <name>ldexp</name>
         <value>0x3491</value>
         <object_component_ref idref="oc-268"/>
      </symbol>
      <symbol id="sm-6fe">
         <name>copysign</name>
         <value>0x4fa9</value>
         <object_component_ref idref="oc-374"/>
      </symbol>
      <symbol id="sm-6ff">
         <name>copysignl</name>
         <value>0x4fa9</value>
         <object_component_ref idref="oc-374"/>
      </symbol>
      <symbol id="sm-70c">
         <name>__aeabi_uldivmod</name>
         <value>0x3d01</value>
         <object_component_ref idref="oc-3d6"/>
      </symbol>
      <symbol id="sm-71b">
         <name>__aeabi_memset</name>
         <value>0x3f33</value>
         <object_component_ref idref="oc-8a"/>
      </symbol>
      <symbol id="sm-71c">
         <name>memset</name>
         <value>0x3f39</value>
         <object_component_ref idref="oc-8a"/>
      </symbol>
      <symbol id="sm-71d">
         <name>__aeabi_memset8</name>
         <value>0x3f33</value>
         <object_component_ref idref="oc-8a"/>
      </symbol>
      <symbol id="sm-71e">
         <name>__aeabi_memset4</name>
         <value>0x3f33</value>
         <object_component_ref idref="oc-8a"/>
      </symbol>
      <symbol id="sm-71f">
         <name>__aeabi_memclr8</name>
         <value>0x3f31</value>
         <object_component_ref idref="oc-8a"/>
      </symbol>
      <symbol id="sm-720">
         <name>__aeabi_memclr4</name>
         <value>0x3f31</value>
         <object_component_ref idref="oc-8a"/>
      </symbol>
      <symbol id="sm-721">
         <name>__aeabi_memclr</name>
         <value>0x3f31</value>
         <object_component_ref idref="oc-8a"/>
      </symbol>
      <symbol id="sm-738">
         <name>__aeabi_dsub</name>
         <value>0x2cd5</value>
         <object_component_ref idref="oc-124"/>
      </symbol>
      <symbol id="sm-739">
         <name>__aeabi_dadd</name>
         <value>0x2cdf</value>
         <object_component_ref idref="oc-124"/>
      </symbol>
      <symbol id="sm-75b">
         <name>__aeabi_cdcmpeq</name>
         <value>0x3e25</value>
         <object_component_ref idref="oc-25e"/>
      </symbol>
      <symbol id="sm-75c">
         <name>__aeabi_cdcmple</name>
         <value>0x3e25</value>
         <object_component_ref idref="oc-25e"/>
      </symbol>
      <symbol id="sm-75d">
         <name>__aeabi_cdrcmple</name>
         <value>0x3eab</value>
         <object_component_ref idref="oc-263"/>
      </symbol>
      <symbol id="sm-771">
         <name>__aeabi_ddiv</name>
         <value>0x3121</value>
         <object_component_ref idref="oc-11f"/>
      </symbol>
      <symbol id="sm-77c">
         <name>__aeabi_dmul</name>
         <value>0x37a5</value>
         <object_component_ref idref="oc-145"/>
      </symbol>
      <symbol id="sm-786">
         <name>__aeabi_d2iz</name>
         <value>0x4919</value>
         <object_component_ref idref="oc-3dc"/>
      </symbol>
      <symbol id="sm-792">
         <name>__aeabi_d2f</name>
         <value>0x40ff</value>
         <object_component_ref idref="oc-129"/>
      </symbol>
      <symbol id="sm-79d">
         <name>__aeabi_f2d</name>
         <value>0x4be1</value>
         <object_component_ref idref="oc-12e"/>
      </symbol>
      <symbol id="sm-7a7">
         <name>__aeabi_i2d</name>
         <value>0x4ddd</value>
         <object_component_ref idref="oc-11a"/>
      </symbol>
      <symbol id="sm-7c2">
         <name>memcpy</name>
         <value>0x3c65</value>
         <object_component_ref idref="oc-36"/>
      </symbol>
      <symbol id="sm-7c3">
         <name>__aeabi_memcpy</name>
         <value>0x3c65</value>
         <object_component_ref idref="oc-36"/>
      </symbol>
      <symbol id="sm-7c4">
         <name>__aeabi_memcpy8</name>
         <value>0x3c65</value>
         <object_component_ref idref="oc-36"/>
      </symbol>
      <symbol id="sm-7c5">
         <name>__aeabi_memcpy4</name>
         <value>0x3c65</value>
         <object_component_ref idref="oc-36"/>
      </symbol>
      <symbol id="sm-7cf">
         <name>__aeabi_ui2d</name>
         <value>0x4f19</value>
         <object_component_ref idref="oc-162"/>
      </symbol>
      <symbol id="sm-7e3">
         <name>__TI_zero_init_nomemset</name>
         <value>0x4f55</value>
         <object_component_ref idref="oc-42"/>
      </symbol>
      <symbol id="sm-7fa">
         <name>__TI_decompress_none</name>
         <value>0x511d</value>
         <object_component_ref idref="oc-19"/>
      </symbol>
      <symbol id="sm-81d">
         <name>__TI_decompress_lzss</name>
         <value>0x4241</value>
         <object_component_ref idref="oc-13"/>
      </symbol>
      <symbol id="sm-843">
         <name>C$$EXIT</name>
         <value>0x5199</value>
         <object_component_ref idref="oc-1d9"/>
      </symbol>
      <symbol id="sm-844">
         <name>abort</name>
         <value>0x5199</value>
         <object_component_ref idref="oc-1d9"/>
      </symbol>
      <symbol id="sm-845">
         <name>__TI_dtors_ptr</name>
         <value>0x200009fc</value>
         <object_component_ref idref="oc-2dc"/>
      </symbol>
      <symbol id="sm-846">
         <name>__TI_cleanup_ptr</name>
         <value>0x200009f8</value>
         <object_component_ref idref="oc-2dc"/>
      </symbol>
      <symbol id="sm-847">
         <name>__TI_enable_exit_profile_output</name>
         <value>0x20000a00</value>
         <object_component_ref idref="oc-2dc"/>
      </symbol>
      <symbol id="sm-848">
         <name>exit</name>
         <value>0x48d1</value>
         <object_component_ref idref="oc-1df"/>
      </symbol>
      <symbol id="sm-85d">
         <name>_nop</name>
         <value>0x18bf</value>
         <object_component_ref idref="oc-348"/>
      </symbol>
      <symbol id="sm-85e">
         <name>_lock</name>
         <value>0x20000a04</value>
         <object_component_ref idref="oc-237"/>
      </symbol>
      <symbol id="sm-85f">
         <name>_unlock</name>
         <value>0x20000a08</value>
         <object_component_ref idref="oc-237"/>
      </symbol>
      <symbol id="sm-86e">
         <name>__TI_ltoa</name>
         <value>0x4663</value>
         <object_component_ref idref="oc-3e1"/>
      </symbol>
      <symbol id="sm-884">
         <name>atoi</name>
         <value>0x483d</value>
         <object_component_ref idref="oc-30c"/>
      </symbol>
      <symbol id="sm-88f">
         <name>_ctypes_</name>
         <value>0x51a0</value>
         <object_component_ref idref="oc-3d1"/>
      </symbol>
      <symbol id="sm-8a4">
         <name>__TI_tmpnams</name>
         <value>0x20000b40</value>
      </symbol>
      <symbol id="sm-8a5">
         <name>__aeabi_stdout</name>
         <value>0x200009f0</value>
         <object_component_ref idref="oc-520"/>
      </symbol>
      <symbol id="sm-8a6">
         <name>__aeabi_stderr</name>
         <value>0x200009f4</value>
         <object_component_ref idref="oc-520"/>
      </symbol>
      <symbol id="sm-8a7">
         <name>__aeabi_stdin</name>
         <value>0x200009ec</value>
         <object_component_ref idref="oc-520"/>
      </symbol>
      <symbol id="sm-8a8">
         <name>_ftable</name>
         <value>0x20000800</value>
         <object_component_ref idref="oc-23a"/>
      </symbol>
      <symbol id="sm-8a9">
         <name>__TI_ft_end</name>
         <value>0x200009e8</value>
         <object_component_ref idref="oc-520"/>
      </symbol>
      <symbol id="sm-8b9">
         <name>memccpy</name>
         <value>0x4f8d</value>
         <object_component_ref idref="oc-330"/>
      </symbol>
      <symbol id="sm-8c9">
         <name>memchr</name>
         <value>0x4ef9</value>
         <object_component_ref idref="oc-434"/>
      </symbol>
      <symbol id="sm-952">
         <name>_sys_memory</name>
         <value>0x20000000</value>
         <object_component_ref idref="oc-25"/>
      </symbol>
      <symbol id="sm-953">
         <name>free</name>
         <value>0x38a1</value>
         <object_component_ref idref="oc-4cf"/>
      </symbol>
      <symbol id="sm-954">
         <name>memalign</name>
         <value>0x36a5</value>
         <object_component_ref idref="oc-513"/>
      </symbol>
      <symbol id="sm-955">
         <name>malloc</name>
         <value>0x5175</value>
         <object_component_ref idref="oc-4d5"/>
      </symbol>
      <symbol id="sm-956">
         <name>aligned_alloc</name>
         <value>0x36a5</value>
         <object_component_ref idref="oc-513"/>
      </symbol>
      <symbol id="sm-966">
         <name>strchr</name>
         <value>0x5025</value>
         <object_component_ref idref="oc-408"/>
      </symbol>
      <symbol id="sm-974">
         <name>strlen</name>
         <value>0x5079</value>
         <object_component_ref idref="oc-306"/>
      </symbol>
      <symbol id="sm-98a">
         <name>__aeabi_errno_addr</name>
         <value>0x516d</value>
         <object_component_ref idref="oc-255"/>
      </symbol>
      <symbol id="sm-98b">
         <name>errno</name>
         <value>0x20000a14</value>
         <object_component_ref idref="oc-36b"/>
      </symbol>
      <symbol id="sm-99e">
         <name>__stack</name>
         <value>0x2000fe00</value>
         <object_component_ref idref="oc-28"/>
      </symbol>
      <symbol id="sm-99f">
         <name>_c_int00_noargs</name>
         <value>0x4cb9</value>
         <object_component_ref idref="oc-54"/>
      </symbol>
      <symbol id="sm-9b9">
         <name>write</name>
         <value>0x4e89</value>
         <object_component_ref idref="oc-440"/>
      </symbol>
      <symbol id="sm-9ca">
         <name>_stream</name>
         <value>0x20000968</value>
         <object_component_ref idref="oc-4b2"/>
      </symbol>
      <symbol id="sm-9cb">
         <name>_device</name>
         <value>0x200008f0</value>
         <object_component_ref idref="oc-4ee"/>
      </symbol>
      <symbol id="sm-9e4">
         <name>wcslen</name>
         <value>0x509f</value>
         <object_component_ref idref="oc-336"/>
      </symbol>
      <symbol id="sm-9f4">
         <name>__TI_doflush</name>
         <value>0x47f1</value>
         <object_component_ref idref="oc-43a"/>
      </symbol>
      <symbol id="sm-a04">
         <name>__TI_cleanup</name>
         <value>0x4c51</value>
         <object_component_ref idref="oc-4db"/>
      </symbol>
      <symbol id="sm-a16">
         <name>fseek</name>
         <value>0x43d9</value>
         <object_component_ref idref="oc-4a0"/>
      </symbol>
      <symbol id="sm-a20">
         <name>__aeabi_idiv0</name>
         <value>0x2e8b</value>
         <object_component_ref idref="oc-481"/>
      </symbol>
      <symbol id="sm-a21">
         <name>__aeabi_ldiv0</name>
         <value>0x2e8b</value>
         <object_component_ref idref="oc-481"/>
      </symbol>
      <symbol id="sm-a49">
         <name>__TI_auto_init_nobinit_nopinit</name>
         <value>0x4a2d</value>
         <object_component_ref idref="oc-1e5"/>
      </symbol>
      <symbol id="sm-a53">
         <name>_system_pre_init</name>
         <value>0x5195</value>
         <object_component_ref idref="oc-90"/>
      </symbol>
      <symbol id="sm-a66">
         <name>HOSTclose</name>
         <value>0x4961</value>
         <object_component_ref idref="oc-52c"/>
      </symbol>
      <symbol id="sm-a77">
         <name>HOSTlseek</name>
         <value>0x41d9</value>
         <object_component_ref idref="oc-53e"/>
      </symbol>
      <symbol id="sm-a89">
         <name>parmbuf</name>
         <value>0x20000bf8</value>
      </symbol>
      <symbol id="sm-a8a">
         <name>HOSTopen</name>
         <value>0x44a1</value>
         <object_component_ref idref="oc-526"/>
      </symbol>
      <symbol id="sm-a9b">
         <name>HOSTread</name>
         <value>0x455d</value>
         <object_component_ref idref="oc-532"/>
      </symbol>
      <symbol id="sm-aac">
         <name>HOSTrename</name>
         <value>0x416d</value>
         <object_component_ref idref="oc-54a"/>
      </symbol>
      <symbol id="sm-abd">
         <name>HOSTunlink</name>
         <value>0x49a5</value>
         <object_component_ref idref="oc-544"/>
      </symbol>
      <symbol id="sm-ace">
         <name>HOSTwrite</name>
         <value>0x45b5</value>
         <object_component_ref idref="oc-538"/>
      </symbol>
      <symbol id="sm-af2">
         <name>__TI_readmsg</name>
         <value>0x4c85</value>
         <object_component_ref idref="oc-579"/>
      </symbol>
      <symbol id="sm-af3">
         <name>C$$IO$$</name>
         <value>0x4bd7</value>
         <object_component_ref idref="oc-573"/>
      </symbol>
      <symbol id="sm-af4">
         <name>__CIOBUF_</name>
         <value>0x20000a20</value>
         <object_component_ref idref="oc-5a4"/>
      </symbol>
      <symbol id="sm-af5">
         <name>__TI_writemsg</name>
         <value>0x4ba9</value>
         <object_component_ref idref="oc-573"/>
      </symbol>
      <symbol id="sm-b06">
         <name>lseek</name>
         <value>0x4e61</value>
         <object_component_ref idref="oc-4c7"/>
      </symbol>
      <symbol id="sm-b1b">
         <name>__TI_closefile</name>
         <value>0x3fad</value>
         <object_component_ref idref="oc-51a"/>
      </symbol>
      <symbol id="sm-b3e">
         <name>finddevice</name>
         <value>0x4dad</value>
         <object_component_ref idref="oc-5c2"/>
      </symbol>
      <symbol id="sm-b3f">
         <name>getdevice</name>
         <value>0x4a71</value>
         <object_component_ref idref="oc-59a"/>
      </symbol>
      <symbol id="sm-b4e">
         <name>strcmp</name>
         <value>0x500d</value>
         <object_component_ref idref="oc-5d9"/>
      </symbol>
      <symbol id="sm-b5c">
         <name>strcpy</name>
         <value>0x5065</value>
         <object_component_ref idref="oc-58d"/>
      </symbol>
      <symbol id="sm-b6c">
         <name>strncpy</name>
         <value>0x4c19</value>
         <object_component_ref idref="oc-5bc"/>
      </symbol>
      <symbol id="sm-b81">
         <name>close</name>
         <value>0x4501</value>
         <object_component_ref idref="oc-562"/>
      </symbol>
      <symbol id="sm-b91">
         <name>unlink</name>
         <value>0x4e0d</value>
         <object_component_ref idref="oc-568"/>
      </symbol>
      <symbol id="sm-b92">
         <name>__TI_static_base__</name>
         <value>0x0</value>
      </symbol>
      <symbol id="sm-b95">
         <name>TA2_0_IRQHandler</name>
         <value>0x0</value>
      </symbol>
      <symbol id="sm-b96">
         <name>T32_0_IRQHandler</name>
         <value>0x0</value>
      </symbol>
      <symbol id="sm-b97">
         <name>__mpu_init</name>
         <value>0x0</value>
      </symbol>
      <symbol id="sm-b98">
         <name>_system_post_cinit</name>
         <value>0x0</value>
      </symbol>
      <symbol id="sm-b99">
         <name>remove</name>
         <value>0x4e0d</value>
      </symbol>
   </symbol_table>
   <title>Link errors: red sections failed placement</title>
</link_info>
