******************************************************************************
                  TI ARM Linker Unix v20.2.4                   
******************************************************************************
>> Linked Sat Nov 26 13:35:32 2022

OUTPUT FILE NAME:   <uart_pc_echo_12mhz_brclk.out>
ENTRY POINT SYMBOL: "_c_int00_noargs"  address: 00004cb9


MEMORY CONFIGURATION

         name            origin    length      used     unused   attr    fill
----------------------  --------  ---------  --------  --------  ----  --------
  MAIN                  00000000   00040000  00005490  0003ab70  R  X
  INFO                  00200000   00004000  00000000  00004000  R  X
  SRAM_CODE             01000000   00010000  00000000  00010000  RW X
  SRAM_DATA             20000000   00010000  00000e05  0000f1fb  RW  


SEGMENT ALLOCATION MAP

run origin  load origin   length   init length attrs members
----------  ----------- ---------- ----------- ----- -------
00000000    00000000    00005498   00005498    r-x
  00000000    00000000    00000140   00000140    r-- .intvecs
  00000140    00000140    0000505c   0000505c    r-x .text
  000051a0    000051a0    0000023c   0000023c    r-- .const
  000053e0    000053e0    000000b8   000000b8    r-- .cinit
20000000    20000000    00000c08   00000000    rw-
  20000000    20000000    00000800   00000000    rw- .sysmem
  20000800    20000800    0000021d   00000000    rw- .data
  20000a20    20000a20    000001e8   00000000    rw- .bss
2000fe00    2000fe00    00000200   00000000    rw-
  2000fe00    2000fe00    00000200   00000000    rw- .stack


SECTION ALLOCATION MAP

 output                                  attributes/
section   page    origin      length       input sections
--------  ----  ----------  ----------   ----------------
.intvecs   0    00000000    00000140     
                  00000000    00000140     startup_msp432p401r_ccs.obj (.intvecs:retain)

.text      0    00000140    0000505c     
                  00000140    00000d30     accel.obj (.text)
                  00000e70    00000a4e     rtsv7M4_T_le_v4SPD16_eabi.lib : _printfi.c.obj (.text:__TI_printfi)
                  000018be    00000002                                   : _lock.c.obj (.text:_nop)
                  000018c0    000009c0                                   : e_pow.c.obj (.text:pow)
                  00002280    00000328     system_msp432p401r.obj (.text)
                  000025a8    000002ec     rtsv7M4_T_le_v4SPD16_eabi.lib : s_atan.c.obj (.text:atan)
                  00002894    00000270                                   : _printfi.c.obj (.text:_pconv_a)
                  00002b04    000001d0                                   : _printfi.c.obj (.text:_pconv_g)
                  00002cd4    000001b6                                   : fd_add_t2.asm.obj (.text)
                  00002e8a    00000002                                   : div0.asm.obj (.text)
                  00002e8c    00000158                                   : e_sqrt.c.obj (.text:sqrt)
                  00002fe4    0000013c                                   : _printfi.c.obj (.text:_pconv_e)
                  00003120    00000136                                   : fd_div_t2.asm.obj (.text)
                  00003256    00000002     --HOLE-- [fill = 0]
                  00003258    00000124                                   : _printfi.c.obj (.text:fcvt)
                  0000337c    00000114                                   : fputs.c.obj (.text:fputs)
                  00003490    00000110                                   : s_scalbn.c.obj (.text:scalbn)
                  000035a0    00000104     msp432p4xx_driverlib.lib : cs.o (.text:CS_getDCOFrequency)
                  000036a4    00000100     rtsv7M4_T_le_v4SPD16_eabi.lib : memory.c.obj (.text:aligned_alloc)
                  000037a4    000000fc                                   : fd_mul_t2.asm.obj (.text)
                  000038a0    000000e4                                   : memory.c.obj (.text:free)
                  00003984    000000dc                                   : setvbuf.c.obj (.text:setvbuf)
                  00003a60    000000b2     msp432p4xx_driverlib.lib : timer_a.o (.text:privateTimer_AProcessClockSourceDivider)
                  00003b12    00000002     --HOLE-- [fill = 0]
                  00003b14    000000b1     rtsv7M4_T_le_v4SPD16_eabi.lib : _printfi.c.obj (.text:_ltostr)
                  00003bc5    00000003     --HOLE-- [fill = 0]
                  00003bc8    0000009c     msp432p4xx_driverlib.lib : cs.o (.text:_CSComputeCLKFrequency)
                  00003c64    0000009c     rtsv7M4_T_le_v4SPD16_eabi.lib : memcpy_t2.asm.obj (.text)
                  00003d00    00000096                                   : ull_div_t2.asm.obj (.text)
                  00003d96    00000002     --HOLE-- [fill = 0]
                  00003d98    0000008c                                   : fputc.c.obj (.text:fputc)
                  00003e24    00000086                                   : fd_cmp_t2.asm.obj (.text:__aeabi_cdcmple)
                  00003eaa    00000086                                   : fd_cmp_t2.asm.obj (.text:__aeabi_cdrcmple)
                  00003f30    0000007a                                   : memset_t2.asm.obj (.text)
                  00003faa    00000002     --HOLE-- [fill = 0]
                  00003fac    00000074                                   : fclose.c.obj (.text:__TI_closefile)
                  00004020    00000070                                   : memory.c.obj (.text:split)
                  00004090    0000006e                                   : _printfi.c.obj (.text:_mcpy)
                  000040fe    0000006e                                   : fd_tos_t2.asm.obj (.text)
                  0000416c    0000006c                                   : hostrename.c.obj (.text:HOSTrename)
                  000041d8    00000068                                   : hostlseek.c.obj (.text:HOSTlseek)
                  00004240    00000068                                   : copy_decompress_lzss.c.obj (.text:decompress:lzss:__TI_decompress_lzss)
                  000042a8    00000068                                   : printf.c.obj (.text:printf)
                  00004310    00000064     msp432p4xx_driverlib.lib : interrupt.o (.text:Interrupt_enableInterrupt)
                  00004374    00000064     rtsv7M4_T_le_v4SPD16_eabi.lib : s_frexp.c.obj (.text:frexp)
                  000043d8    00000064                                   : fseek.c.obj (.text:fseek)
                  0000443c    00000062                                   : _io_perm.c.obj (.text:__TI_wrt_ok)
                  0000449e    00000002     --HOLE-- [fill = 0]
                  000044a0    00000060                                   : hostopen.c.obj (.text:HOSTopen)
                  00004500    0000005c                                   : close.c.obj (.text:close)
                  0000455c    00000058                                   : hostread.c.obj (.text:HOSTread)
                  000045b4    00000058                                   : hostwrite.c.obj (.text:HOSTwrite)
                  0000460c    00000056                                   : _printfi.c.obj (.text:_pconv_f)
                  00004662    00000054                                   : _ltoa.c.obj (.text:__TI_ltoa)
                  000046b6    00000052                                   : _printfi.c.obj (.text:_ecpy)
                  00004708    00000050     msp432p4xx_driverlib.lib : sysctl.o (.text:SysCtl_getTLVInfo)
                  00004758    0000004c                              : gpio.o (.text:GPIO_setAsPeripheralModuleFunctionOutputPin)
                  000047a4    0000004c                              : cs.o (.text:_CSGetDOCFrequency)
                  000047f0    0000004c     rtsv7M4_T_le_v4SPD16_eabi.lib : fflush.c.obj (.text:__TI_doflush)
                  0000483c    0000004c                                   : atoi.c.obj (.text:atoi)
                  00004888    00000048     msp432p4xx_driverlib.lib : cs.o (.text:_CSGetDividerValue)
                  000048d0    00000048     rtsv7M4_T_le_v4SPD16_eabi.lib : exit.c.obj (.text:exit)
                  00004918    00000048                                   : fd_toi_t2.asm.obj (.text)
                  00004960    00000044                                   : hostclose.c.obj (.text:HOSTclose)
                  000049a4    00000044                                   : hostunlink.c.obj (.text:HOSTunlink)
                  000049e8    00000044     msp432p4xx_driverlib.lib : timer_a.o (.text:Timer_A_configureUpMode)
                  00004a2c    00000044     rtsv7M4_T_le_v4SPD16_eabi.lib : autoinit.c.obj (.text:__TI_auto_init_nobinit_nopinit:__TI_auto_init_nobinit_nopinit)
                  00004a70    00000044                                   : getdevice.c.obj (.text:getdevice)
                  00004ab4    00000040     msp432p4xx_driverlib.lib : i2c.o (.text:I2C_masterSendMultiByteFinish)
                  00004af4    0000003e                              : i2c.o (.text:I2C_initMaster)
                  00004b32    0000003e     rtsv7M4_T_le_v4SPD16_eabi.lib : _printfi.c.obj (.text:_fcpy)
                  00004b70    00000038     msp432p4xx_driverlib.lib : i2c.o (.text:I2C_masterSendMultiByteStart)
                  00004ba8    00000038     rtsv7M4_T_le_v4SPD16_eabi.lib : trgmsg.c.obj (.text:__TI_writemsg)
                  00004be0    00000038                                   : fs_tod_t2.asm.obj (.text)
                  00004c18    00000036                                   : strncpy.c.obj (.text:strncpy)
                  00004c4e    00000002     --HOLE-- [fill = 0]
                  00004c50    00000034                                   : fopen.c.obj (.text:__TI_cleanup)
                  00004c84    00000034                                   : trgmsg.c.obj (.text:__TI_readmsg)
                  00004cb8    00000034                                   : boot_cortex_m.c.obj (.text:_c_int00_noargs:_c_int00_noargs)
                  00004cec    00000030     msp432p4xx_driverlib.lib : gpio.o (.text:GPIO_getEnabledInterruptStatus)
                  00004d1c    00000030                              : gpio.o (.text:GPIO_setAsInputPinWithPullUpResistor)
                  00004d4c    00000030                              : i2c.o (.text:I2C_masterReceiveMultiByteFinish)
                  00004d7c    00000030                              : i2c.o (.text:I2C_masterSendMultiByteStop)
                  00004dac    00000030     rtsv7M4_T_le_v4SPD16_eabi.lib : getdevice.c.obj (.text:finddevice)
                  00004ddc    0000002e                                   : i_tofd_t2.asm.obj (.text)
                  00004e0a    00000002     --HOLE-- [fill = 0]
                  00004e0c    0000002c                                   : unlink.c.obj (.text:unlink)
                  00004e38    00000028                                   : memory.c.obj (.text:free_list_insert)
                  00004e60    00000028                                   : lseek.c.obj (.text:lseek)
                  00004e88    00000028                                   : write.c.obj (.text:write)
                  00004eb0    00000024     msp432p4xx_driverlib.lib : cs.o (.text:CS_clearInterruptFlag)
                  00004ed4    00000024                              : i2c.o (.text:I2C_masterSendMultiByteNext)
                  00004ef8    00000020     rtsv7M4_T_le_v4SPD16_eabi.lib : memchr.c.obj (.text:memchr)
                  00004f18    00000020                                   : u_tofd_t2.asm.obj (.text)
                  00004f38    0000001c     msp432p4xx_driverlib.lib : timer_a.o (.text:Timer_A_getCounterValue)
                  00004f54    0000001c     rtsv7M4_T_le_v4SPD16_eabi.lib : copy_zero_init.c.obj (.text:decompress:ZI:__TI_zero_init_nomemset:__TI_zero_init_nomemset)
                  00004f70    0000001c                                   : memory.c.obj (.text:free_list_remove)
                  00004f8c    0000001c                                   : memccpy.c.obj (.text:memccpy)
                  00004fa8    0000001a                                   : s_copysign.c.obj (.text:copysign)
                  00004fc2    00000002     --HOLE-- [fill = 0]
                  00004fc4    00000018     msp432p4xx_driverlib.lib : cs.o (.text:CS_getACLK)
                  00004fdc    00000018                              : gpio.o (.text:GPIO_clearInterruptFlag)
                  00004ff4    00000018                              : wdt_a.o (.text:WDT_A_holdTimer)
                  0000500c    00000018     rtsv7M4_T_le_v4SPD16_eabi.lib : strcmp.c.obj (.text:strcmp)
                  00005024    00000016                                   : strchr.c.obj (.text:strchr)
                  0000503a    00000002     --HOLE-- [fill = 0]
                  0000503c    00000014     msp432p4xx_driverlib.lib : gpio.o (.text:GPIO_enableInterrupt)
                  00005050    00000014                              : i2c.o (.text:I2C_isBusBusy)
                  00005064    00000014     rtsv7M4_T_le_v4SPD16_eabi.lib : strcpy.c.obj (.text:strcpy)
                  00005078    00000014                                   : strlen.c.obj (.text:strlen)
                  0000508c    00000012     startup_msp432p401r_ccs.obj (.text)
                  0000509e    00000012     rtsv7M4_T_le_v4SPD16_eabi.lib : wcslen.c.obj (.text:wcslen)
                  000050b0    00000010     msp432p4xx_driverlib.lib : gpio.o (.text:GPIO_getInterruptStatus)
                  000050c0    00000010                              : i2c.o (.text:I2C_masterReceiveStart)
                  000050d0    00000010                              : interrupt.o (.text:Interrupt_disableMaster)
                  000050e0    00000010                              : interrupt.o (.text:Interrupt_enableMaster)
                  000050f0    00000010                              : timer_a.o (.text:Timer_A_clearTimer)
                  00005100    0000000e                              : i2c.o (.text:I2C_clearInterruptFlag)
                  0000510e    0000000e                              : i2c.o (.text:I2C_setMode)
                  0000511c    0000000e     rtsv7M4_T_le_v4SPD16_eabi.lib : copy_decompress_none.c.obj (.text:decompress:none:__TI_decompress_none)
                  0000512a    0000000c     msp432p4xx_driverlib.lib : cpu.o (.text:CPU_cpsid)
                  00005136    0000000c                              : cpu.o (.text:CPU_cpsie)
                  00005142    0000000c                              : i2c.o (.text:I2C_enableModule)
                  0000514e    0000000c                              : timer_a.o (.text:Timer_A_stopTimer)
                  0000515a    00000008                              : i2c.o (.text:I2C_enableInterrupt)
                  00005162    00000008                              : timer_a.o (.text:Timer_A_startCounter)
                  0000516a    00000002     --HOLE-- [fill = 0]
                  0000516c    00000008     rtsv7M4_T_le_v4SPD16_eabi.lib : errno.c.obj (.text:__aeabi_errno_addr)
                  00005174    00000008                                   : memory.c.obj (.text:malloc)
                  0000517c    00000006     msp432p4xx_driverlib.lib : i2c.o (.text:I2C_getInterruptStatus)
                  00005182    00000006                              : i2c.o (.text:I2C_masterReceiveMultiByteNext)
                  00005188    00000004                              : i2c.o (.text:I2C_setSlaveAddress)
                  0000518c    00000004     rtsv7M4_T_le_v4SPD16_eabi.lib : printf.c.obj (.text:_outc)
                  00005190    00000004                                   : printf.c.obj (.text:_outs)
                  00005194    00000004                                   : pre_init.c.obj (.text:_system_pre_init)
                  00005198    00000004                                   : exit.c.obj (.text:abort:abort)

.const     0    000051a0    0000023c     
                  000051a0    00000101     rtsv7M4_T_le_v4SPD16_eabi.lib : ctype.c.obj (.const:.string:_ctypes_)
                  000052a1    00000007     --HOLE-- [fill = 0]
                  000052a8    00000098                                   : s_atan.c.obj (.const:$O1$$)
                  00005340    00000040     msp432p4xx_driverlib.lib : interrupt.o (.const)
                  00005380    00000030     rtsv7M4_T_le_v4SPD16_eabi.lib : e_pow.c.obj (.const:$O1$$)
                  000053b0    00000018     accel.obj (.const:$P$T0$1)
                  000053c8    00000014     accel.obj (.const:$P$T1$2)

.cinit     0    000053e0    000000b8     
                  000053e0    00000092     (.cinit..data.load) [load image, compression = lzss]
                  00005472    00000002     --HOLE-- [fill = 0]
                  00005474    0000000c     (__TI_handler_table)
                  00005480    00000008     (.cinit..bss.load) [load image, compression = zero_init]
                  00005488    00000010     (__TI_cinit_table)

.init_array 
*          0    00000000    00000000     UNINITIALIZED

.sysmem    0    20000000    00000800     UNINITIALIZED
                  20000000    00000010     rtsv7M4_T_le_v4SPD16_eabi.lib : memory.c.obj (.sysmem)
                  20000010    000007f0     --HOLE--

.data      0    20000800    0000021d     UNINITIALIZED
                  20000800    000000f0     rtsv7M4_T_le_v4SPD16_eabi.lib : defs.c.obj (.data:_ftable)
                  200008f0    00000078                                   : host_device.c.obj (.data:_device)
                  20000968    00000050                                   : host_device.c.obj (.data:_stream)
                  200009b8    00000030     msp432p4xx_driverlib.lib : gpio.o (.data:GPIO_PORT_TO_BASE)
                  200009e8    00000010     rtsv7M4_T_le_v4SPD16_eabi.lib : defs.c.obj (.data)
                  200009f8    0000000c                                   : exit.c.obj (.data:$O1$$)
                  20000a04    00000008                                   : _lock.c.obj (.data:$O1$$)
                  20000a0c    00000008                                   : memory.c.obj (.data:$O1$$)
                  20000a14    00000004                                   : errno.c.obj (.data)
                  20000a18    00000004     system_msp432p401r.obj (.data)
                  20000a1c    00000001     accel.obj (.data)

.bss       0    20000a20    000001e8     UNINITIALIZED
                  20000a20    00000120     rtsv7M4_T_le_v4SPD16_eabi.lib : trgmsg.c.obj (.bss:_CIOBUF_)
                  20000b40    000000a0     (.common:__TI_tmpnams)
                  20000be0    00000018     accel.obj (.bss)
                  20000bf8    00000008     (.common:parmbuf)
                  20000c00    00000004     (.common:hfxtFreq)
                  20000c04    00000004     (.common:lfxtFreq)

.stack     0    2000fe00    00000200     UNINITIALIZED
                  2000fe00    00000004     rtsv7M4_T_le_v4SPD16_eabi.lib : boot_cortex_m.c.obj (.stack)
                  2000fe04    000001fc     --HOLE--

__llvm_prf_cnts 
*          0    20000000    00000000     UNINITIALIZED

MODULE SUMMARY

       Module                        code    ro data   rw data
       ------                        ----    -------   -------
    ./
       accel.obj                     3376    44        25     
       system_msp432p401r.obj        808     0         4      
       startup_msp432p401r_ccs.obj   18      320       0      
    +--+-----------------------------+-------+---------+---------+
       Total:                        4202    364       29     
                                                              
    /Applications/ti/ccs1030/ccs/tools/compiler/ti-cgt-arm_20.2.4.LTS/lib/rtsv7M4_T_le_v4SPD16_eabi.lib
       _printfi.c.obj                4851    0         0      
       e_pow.c.obj                   2496    48        0      
       s_atan.c.obj                  748     152       0      
       memory.c.obj                  672     0         8      
       fd_add_t2.asm.obj             438     0         0      
       defs.c.obj                    0       0         416    
       trgmsg.c.obj                  108     0         288    
       e_sqrt.c.obj                  344     0         0      
       fd_div_t2.asm.obj             310     0         0      
       fputs.c.obj                   276     0         0      
       s_scalbn.c.obj                272     0         0      
       fd_cmp_t2.asm.obj             268     0         0      
       ctype.c.obj                   0       257       0      
       fd_mul_t2.asm.obj             252     0         0      
       setvbuf.c.obj                 220     0         0      
       host_device.c.obj             0       0         200    
       memcpy_t2.asm.obj             156     0         0      
       ull_div_t2.asm.obj            150     0         0      
       fputc.c.obj                   140     0         0      
       memset_t2.asm.obj             122     0         0      
       fclose.c.obj                  116     0         0      
       getdevice.c.obj               116     0         0      
       printf.c.obj                  112     0         0      
       fd_tos_t2.asm.obj             110     0         0      
       hostrename.c.obj              108     0         0      
       copy_decompress_lzss.c.obj    104     0         0      
       hostlseek.c.obj               104     0         0      
       hostopen.c.obj                96      0         8      
       fseek.c.obj                   100     0         0      
       s_frexp.c.obj                 100     0         0      
       _io_perm.c.obj                98      0         0      
       close.c.obj                   92      0         0      
       exit.c.obj                    76      0         12     
       hostread.c.obj                88      0         0      
       hostwrite.c.obj               88      0         0      
       _ltoa.c.obj                   84      0         0      
       atoi.c.obj                    76      0         0      
       fflush.c.obj                  76      0         0      
       fd_toi_t2.asm.obj             72      0         0      
       autoinit.c.obj                68      0         0      
       hostclose.c.obj               68      0         0      
       hostunlink.c.obj              68      0         0      
       fs_tod_t2.asm.obj             56      0         0      
       strncpy.c.obj                 54      0         0      
       boot_cortex_m.c.obj           52      0         0      
       fopen.c.obj                   52      0         0      
       i_tofd_t2.asm.obj             46      0         0      
       unlink.c.obj                  44      0         0      
       lseek.c.obj                   40      0         0      
       write.c.obj                   40      0         0      
       memchr.c.obj                  32      0         0      
       u_tofd_t2.asm.obj             32      0         0      
       copy_zero_init.c.obj          28      0         0      
       memccpy.c.obj                 28      0         0      
       s_copysign.c.obj              26      0         0      
       strcmp.c.obj                  24      0         0      
       strchr.c.obj                  22      0         0      
       strcpy.c.obj                  20      0         0      
       strlen.c.obj                  20      0         0      
       wcslen.c.obj                  18      0         0      
       copy_decompress_none.c.obj    14      0         0      
       errno.c.obj                   8       0         4      
       _lock.c.obj                   2       0         8      
       pre_init.c.obj                4       0         0      
       div0.asm.obj                  2       0         0      
    +--+-----------------------------+-------+---------+---------+
       Total:                        14507   457       944    
                                                              
    /Users/munigalparamasiam/Downloads/msp432_driverlib_3_21_00_05/driverlib/MSP432P4xx/ccs/msp432p4xx_driverlib.lib
       cs.o                          624     0         8      
       i2c.o                         414     0         0      
       timer_a.o                     310     0         0      
       gpio.o                        232     0         48     
       interrupt.o                   132     64        0      
       sysctl.o                      80      0         0      
       cpu.o                         24      0         0      
       wdt_a.o                       24      0         0      
    +--+-----------------------------+-------+---------+---------+
       Total:                        1840    64        56     
                                                              
       Heap:                         0       0         2048   
       Stack:                        0       0         512    
       Linker Generated:             0       182       0      
    +--+-----------------------------+-------+---------+---------+
       Grand Total:                  20549   1067      3589   


LINKER GENERATED COPY TABLES

__TI_cinit_table @ 00005488 records: 2, size/record: 8, table size: 16
	.data: load addr=000053e0, load size=00000092 bytes, run addr=20000800, run size=0000021d bytes, compression=lzss
	.bss: load addr=00005480, load size=00000008 bytes, run addr=20000a20, run size=000001e8 bytes, compression=zero_init


LINKER GENERATED HANDLER TABLE

__TI_handler_table @ 00005474 records: 3, size/record: 4, table size: 12
	index: 0, handler: __TI_decompress_lzss
	index: 1, handler: __TI_decompress_none
	index: 2, handler: __TI_zero_init


GLOBAL SYMBOLS: SORTED ALPHABETICALLY BY Name 

address   name                                       
-------   ----                                       
00000caf  Accelerometer_init                         
00005199  C$$EXIT                                    
00004bd7  C$$IO$$                                    
0000512b  CPU_cpsid                                  
00005137  CPU_cpsie                                  
00004eb1  CS_clearInterruptFlag                      
00004fc5  CS_getACLK                                 
000035a1  CS_getDCOFrequency                         
00004fdd  GPIO_clearInterruptFlag                    
0000503d  GPIO_enableInterrupt                       
00004ced  GPIO_getEnabledInterruptStatus             
000050b1  GPIO_getInterruptStatus                    
00004d1d  GPIO_setAsInputPinWithPullUpResistor       
00004759  GPIO_setAsPeripheralModuleFunctionOutputPin
00004961  HOSTclose                                  
000041d9  HOSTlseek                                  
000044a1  HOSTopen                                   
0000455d  HOSTread                                   
0000416d  HOSTrename                                 
000049a5  HOSTunlink                                 
000045b5  HOSTwrite                                  
00005101  I2C_clearInterruptFlag                     
0000515b  I2C_enableInterrupt                        
00005143  I2C_enableModule                           
0000517d  I2C_getInterruptStatus                     
00004af5  I2C_initMaster                             
00005051  I2C_isBusBusy                              
00004d4d  I2C_masterReceiveMultiByteFinish           
00005183  I2C_masterReceiveMultiByteNext             
000050c1  I2C_masterReceiveStart                     
00004ab5  I2C_masterSendMultiByteFinish              
00004ed5  I2C_masterSendMultiByteNext                
00004b71  I2C_masterSendMultiByteStart               
00004d7d  I2C_masterSendMultiByteStop                
000001ad  I2C_read_int16                             
00000141  I2C_read_int8                              
0000510f  I2C_setMode                                
00005189  I2C_setSlaveAddress                        
00000285  I2C_write_int16                            
00000233  I2C_write_int8                             
000050d1  Interrupt_disableMaster                    
00004311  Interrupt_enableInterrupt                  
000050e1  Interrupt_enableMaster                     
000006e5  PORT1_IRQHandler                           
00004709  SysCtl_getTLVInfo                          
20000a18  SystemCoreClock                            
00002281  SystemCoreClockUpdate                      
000024f5  SystemInit                                 
UNDEFED   T32_0_IRQHandler                           
UNDEFED   TA2_0_IRQHandler                           
000050f1  Timer_A_clearTimer                         
000049e9  Timer_A_configureUpMode                    
00004f39  Timer_A_getCounterValue                    
00005163  Timer_A_startCounter                       
0000514f  Timer_A_stopTimer                          
4000480c  WDTCTL_SYM                                 
00004ff5  WDT_A_holdTimer                            
20000a20  __CIOBUF_                                  
20010000  __STACK_END                                
00000200  __STACK_SIZE                               
00000800  __SYSMEM_SIZE                              
00005488  __TI_CINIT_Base                            
00005498  __TI_CINIT_Limit                           
00005474  __TI_Handler_Table_Base                    
00005480  __TI_Handler_Table_Limit                   
00004a2d  __TI_auto_init_nobinit_nopinit             
00004c51  __TI_cleanup                               
200009f8  __TI_cleanup_ptr                           
00003fad  __TI_closefile                             
00004241  __TI_decompress_lzss                       
0000511d  __TI_decompress_none                       
000047f1  __TI_doflush                               
200009fc  __TI_dtors_ptr                             
20000a00  __TI_enable_exit_profile_output            
200009e8  __TI_ft_end                                
00004663  __TI_ltoa                                  
ffffffff  __TI_pprof_out_hndl                        
00000e71  __TI_printfi                               
ffffffff  __TI_prof_data_size                        
ffffffff  __TI_prof_data_start                       
00004c85  __TI_readmsg                               
00000000  __TI_static_base__                         
20000b40  __TI_tmpnams                               
00004ba9  __TI_writemsg                              
0000443d  __TI_wrt_ok                                
00004f55  __TI_zero_init_nomemset                    
00003e25  __aeabi_cdcmpeq                            
00003e25  __aeabi_cdcmple                            
00003eab  __aeabi_cdrcmple                           
000040ff  __aeabi_d2f                                
00004919  __aeabi_d2iz                               
00002cdf  __aeabi_dadd                               
00003121  __aeabi_ddiv                               
000037a5  __aeabi_dmul                               
00002cd5  __aeabi_dsub                               
0000516d  __aeabi_errno_addr                         
00004be1  __aeabi_f2d                                
00004ddd  __aeabi_i2d                                
00002e8b  __aeabi_idiv0                              
00002e8b  __aeabi_ldiv0                              
00003f31  __aeabi_memclr                             
00003f31  __aeabi_memclr4                            
00003f31  __aeabi_memclr8                            
00003c65  __aeabi_memcpy                             
00003c65  __aeabi_memcpy4                            
00003c65  __aeabi_memcpy8                            
00003f33  __aeabi_memset                             
00003f33  __aeabi_memset4                            
00003f33  __aeabi_memset8                            
200009f4  __aeabi_stderr                             
200009ec  __aeabi_stdin                              
200009f0  __aeabi_stdout                             
00004f19  __aeabi_ui2d                               
00003d01  __aeabi_uldivmod                           
ffffffff  __binit__                                  
ffffffff  __c_args__                                 
UNDEFED   __mpu_init                                 
2000fe00  __stack                                    
20000000  __start___llvm_prf_cnts                    
20000000  __stop___llvm_prf_cnts                     
00004cb9  _c_int00_noargs                            
000051a0  _ctypes_                                   
200008f0  _device                                    
20000800  _ftable                                    
20000a04  _lock                                      
000018bf  _nop                                       
20000968  _stream                                    
20000000  _sys_memory                                
UNDEFED   _system_post_cinit                         
00005195  _system_pre_init                           
20000a08  _unlock                                    
00005199  abort                                      
000036a5  aligned_alloc                              
000025a9  atan                                       
000025a9  atanl                                      
0000483d  atoi                                       
ffffffff  binit                                      
00000b41  calculateHumpAngle                         
00004501  close                                      
00004fa9  copysign                                   
00004fa9  copysignl                                  
20000a14  errno                                      
000048d1  exit                                       
00004dad  finddevice                                 
20000a1c  found_hump                                 
00003d99  fputc                                      
0000337d  fputs                                      
000038a1  free                                       
00004375  frexp                                      
00004375  frexpl                                     
000043d9  fseek                                      
00000a35  getAngle                                   
00000765  getPitchAngle                              
000006ff  getTimerDuration                           
00004a71  getdevice                                  
00000000  interruptVectors                           
00003491  ldexp                                      
00003491  ldexpl                                     
00004e61  lseek                                      
00000cc7  main                                       
00005175  malloc                                     
000036a5  memalign                                   
00004f8d  memccpy                                    
00004ef9  memchr                                     
00003c65  memcpy                                     
00003f39  memset                                     
20000bf8  parmbuf                                    
000018c1  pow                                        
000018c1  powl                                       
000042a9  printf                                     
00003d99  putc                                       
000003f9  recalibrateMPU6050                         
00004e0d  remove                                     
000006d5  resetMPU6050                               
00003491  scalbn                                     
00003491  scalbnl                                    
00003985  setvbuf                                    
00002e8d  sqrt                                       
00002e8d  sqrtl                                      
00005025  strchr                                     
0000500d  strcmp                                     
00005065  strcpy                                     
00005079  strlen                                     
00004c19  strncpy                                    
00004e0d  unlink                                     
0000509f  wcslen                                     
00004e89  write                                      


GLOBAL SYMBOLS: SORTED BY Symbol Address 

address   name                                       
-------   ----                                       
00000000  __TI_static_base__                         
00000000  interruptVectors                           
00000141  I2C_read_int8                              
000001ad  I2C_read_int16                             
00000200  __STACK_SIZE                               
00000233  I2C_write_int8                             
00000285  I2C_write_int16                            
000003f9  recalibrateMPU6050                         
000006d5  resetMPU6050                               
000006e5  PORT1_IRQHandler                           
000006ff  getTimerDuration                           
00000765  getPitchAngle                              
00000800  __SYSMEM_SIZE                              
00000a35  getAngle                                   
00000b41  calculateHumpAngle                         
00000caf  Accelerometer_init                         
00000cc7  main                                       
00000e71  __TI_printfi                               
000018bf  _nop                                       
000018c1  pow                                        
000018c1  powl                                       
00002281  SystemCoreClockUpdate                      
000024f5  SystemInit                                 
000025a9  atan                                       
000025a9  atanl                                      
00002cd5  __aeabi_dsub                               
00002cdf  __aeabi_dadd                               
00002e8b  __aeabi_idiv0                              
00002e8b  __aeabi_ldiv0                              
00002e8d  sqrt                                       
00002e8d  sqrtl                                      
00003121  __aeabi_ddiv                               
0000337d  fputs                                      
00003491  ldexp                                      
00003491  ldexpl                                     
00003491  scalbn                                     
00003491  scalbnl                                    
000035a1  CS_getDCOFrequency                         
000036a5  aligned_alloc                              
000036a5  memalign                                   
000037a5  __aeabi_dmul                               
000038a1  free                                       
00003985  setvbuf                                    
00003c65  __aeabi_memcpy                             
00003c65  __aeabi_memcpy4                            
00003c65  __aeabi_memcpy8                            
00003c65  memcpy                                     
00003d01  __aeabi_uldivmod                           
00003d99  fputc                                      
00003d99  putc                                       
00003e25  __aeabi_cdcmpeq                            
00003e25  __aeabi_cdcmple                            
00003eab  __aeabi_cdrcmple                           
00003f31  __aeabi_memclr                             
00003f31  __aeabi_memclr4                            
00003f31  __aeabi_memclr8                            
00003f33  __aeabi_memset                             
00003f33  __aeabi_memset4                            
00003f33  __aeabi_memset8                            
00003f39  memset                                     
00003fad  __TI_closefile                             
000040ff  __aeabi_d2f                                
0000416d  HOSTrename                                 
000041d9  HOSTlseek                                  
00004241  __TI_decompress_lzss                       
000042a9  printf                                     
00004311  Interrupt_enableInterrupt                  
00004375  frexp                                      
00004375  frexpl                                     
000043d9  fseek                                      
0000443d  __TI_wrt_ok                                
000044a1  HOSTopen                                   
00004501  close                                      
0000455d  HOSTread                                   
000045b5  HOSTwrite                                  
00004663  __TI_ltoa                                  
00004709  SysCtl_getTLVInfo                          
00004759  GPIO_setAsPeripheralModuleFunctionOutputPin
000047f1  __TI_doflush                               
0000483d  atoi                                       
000048d1  exit                                       
00004919  __aeabi_d2iz                               
00004961  HOSTclose                                  
000049a5  HOSTunlink                                 
000049e9  Timer_A_configureUpMode                    
00004a2d  __TI_auto_init_nobinit_nopinit             
00004a71  getdevice                                  
00004ab5  I2C_masterSendMultiByteFinish              
00004af5  I2C_initMaster                             
00004b71  I2C_masterSendMultiByteStart               
00004ba9  __TI_writemsg                              
00004bd7  C$$IO$$                                    
00004be1  __aeabi_f2d                                
00004c19  strncpy                                    
00004c51  __TI_cleanup                               
00004c85  __TI_readmsg                               
00004cb9  _c_int00_noargs                            
00004ced  GPIO_getEnabledInterruptStatus             
00004d1d  GPIO_setAsInputPinWithPullUpResistor       
00004d4d  I2C_masterReceiveMultiByteFinish           
00004d7d  I2C_masterSendMultiByteStop                
00004dad  finddevice                                 
00004ddd  __aeabi_i2d                                
00004e0d  remove                                     
00004e0d  unlink                                     
00004e61  lseek                                      
00004e89  write                                      
00004eb1  CS_clearInterruptFlag                      
00004ed5  I2C_masterSendMultiByteNext                
00004ef9  memchr                                     
00004f19  __aeabi_ui2d                               
00004f39  Timer_A_getCounterValue                    
00004f55  __TI_zero_init_nomemset                    
00004f8d  memccpy                                    
00004fa9  copysign                                   
00004fa9  copysignl                                  
00004fc5  CS_getACLK                                 
00004fdd  GPIO_clearInterruptFlag                    
00004ff5  WDT_A_holdTimer                            
0000500d  strcmp                                     
00005025  strchr                                     
0000503d  GPIO_enableInterrupt                       
00005051  I2C_isBusBusy                              
00005065  strcpy                                     
00005079  strlen                                     
0000509f  wcslen                                     
000050b1  GPIO_getInterruptStatus                    
000050c1  I2C_masterReceiveStart                     
000050d1  Interrupt_disableMaster                    
000050e1  Interrupt_enableMaster                     
000050f1  Timer_A_clearTimer                         
00005101  I2C_clearInterruptFlag                     
0000510f  I2C_setMode                                
0000511d  __TI_decompress_none                       
0000512b  CPU_cpsid                                  
00005137  CPU_cpsie                                  
00005143  I2C_enableModule                           
0000514f  Timer_A_stopTimer                          
0000515b  I2C_enableInterrupt                        
00005163  Timer_A_startCounter                       
0000516d  __aeabi_errno_addr                         
00005175  malloc                                     
0000517d  I2C_getInterruptStatus                     
00005183  I2C_masterReceiveMultiByteNext             
00005189  I2C_setSlaveAddress                        
00005195  _system_pre_init                           
00005199  C$$EXIT                                    
00005199  abort                                      
000051a0  _ctypes_                                   
00005474  __TI_Handler_Table_Base                    
00005480  __TI_Handler_Table_Limit                   
00005488  __TI_CINIT_Base                            
00005498  __TI_CINIT_Limit                           
20000000  __start___llvm_prf_cnts                    
20000000  __stop___llvm_prf_cnts                     
20000000  _sys_memory                                
20000800  _ftable                                    
200008f0  _device                                    
20000968  _stream                                    
200009e8  __TI_ft_end                                
200009ec  __aeabi_stdin                              
200009f0  __aeabi_stdout                             
200009f4  __aeabi_stderr                             
200009f8  __TI_cleanup_ptr                           
200009fc  __TI_dtors_ptr                             
20000a00  __TI_enable_exit_profile_output            
20000a04  _lock                                      
20000a08  _unlock                                    
20000a14  errno                                      
20000a18  SystemCoreClock                            
20000a1c  found_hump                                 
20000a20  __CIOBUF_                                  
20000b40  __TI_tmpnams                               
20000bf8  parmbuf                                    
2000fe00  __stack                                    
20010000  __STACK_END                                
4000480c  WDTCTL_SYM                                 
ffffffff  __TI_pprof_out_hndl                        
ffffffff  __TI_prof_data_size                        
ffffffff  __TI_prof_data_start                       
ffffffff  __binit__                                  
ffffffff  __c_args__                                 
ffffffff  binit                                      
UNDEFED   T32_0_IRQHandler                           
UNDEFED   TA2_0_IRQHandler                           
UNDEFED   __mpu_init                                 
UNDEFED   _system_post_cinit                         

[187 symbols]
